Component: ARM Compiler 5.06 update 7 (build 960) Tool: armlink [4d3601]

==============================================================================

Section Cross References

    startup_stm32f429xx.o(RESET) refers to startup_stm32f429xx.o(STACK) for __initial_sp
    startup_stm32f429xx.o(RESET) refers to startup_stm32f429xx.o(.text) for Reset_Handler
    startup_stm32f429xx.o(RESET) refers to stm32f4xx_it.o(i.NMI_Handler) for NMI_Handler
    startup_stm32f429xx.o(RESET) refers to stm32f4xx_it.o(i.HardFault_Handler) for HardFault_Handler
    startup_stm32f429xx.o(RESET) refers to stm32f4xx_it.o(i.MemManage_Handler) for MemManage_Handler
    startup_stm32f429xx.o(RESET) refers to stm32f4xx_it.o(i.BusFault_Handler) for BusFault_Handler
    startup_stm32f429xx.o(RESET) refers to stm32f4xx_it.o(i.UsageFault_Handler) for UsageFault_Handler
    startup_stm32f429xx.o(RESET) refers to stm32f4xx_it.o(i.SVC_Handler) for SVC_Handler
    startup_stm32f429xx.o(RESET) refers to stm32f4xx_it.o(i.DebugMon_Handler) for DebugMon_Handler
    startup_stm32f429xx.o(RESET) refers to stm32f4xx_it.o(i.PendSV_Handler) for PendSV_Handler
    startup_stm32f429xx.o(RESET) refers to stm32f4xx_it.o(i.SysTick_Handler) for SysTick_Handler
    startup_stm32f429xx.o(RESET) refers to stm32f4xx_it.o(i.ADC_IRQHandler) for ADC_IRQHandler
    startup_stm32f429xx.o(RESET) refers to stm32f4xx_it.o(i.USART2_IRQHandler) for USART2_IRQHandler
    startup_stm32f429xx.o(RESET) refers to stm32f4xx_it.o(i.USART3_IRQHandler) for USART3_IRQHandler
    startup_stm32f429xx.o(RESET) refers to stm32f4xx_it.o(i.DMA2_Stream0_IRQHandler) for DMA2_Stream0_IRQHandler
    startup_stm32f429xx.o(.text) refers to system_stm32f4xx.o(i.SystemInit) for SystemInit
    startup_stm32f429xx.o(.text) refers to entry.o(.ARM.Collect$$$$00000000) for __main
    main.o(i.HAL_UARTEx_RxEventCallback) refers to stm32f4xx_hal_uart.o(i.HAL_UARTEx_ReceiveToIdle_IT) for HAL_UARTEx_ReceiveToIdle_IT
    main.o(i.HAL_UARTEx_RxEventCallback) refers to usart.o(.bss) for huart2
    main.o(i.HAL_UARTEx_RxEventCallback) refers to uart_hmi.o(.bss) for HMI_RX
    main.o(i.SystemClock_Config) refers to memseta.o(.text) for __aeabi_memclr4
    main.o(i.SystemClock_Config) refers to stm32f4xx_hal_rcc.o(i.HAL_RCC_OscConfig) for HAL_RCC_OscConfig
    main.o(i.SystemClock_Config) refers to stm32f4xx_hal_rcc.o(i.HAL_RCC_ClockConfig) for HAL_RCC_ClockConfig
    main.o(i.main) refers to stm32f4xx_hal.o(i.HAL_Init) for HAL_Init
    main.o(i.main) refers to main.o(i.SystemClock_Config) for SystemClock_Config
    main.o(i.main) refers to gpio.o(i.MX_GPIO_Init) for MX_GPIO_Init
    main.o(i.main) refers to dma.o(i.MX_DMA_Init) for MX_DMA_Init
    main.o(i.main) refers to adc.o(i.MX_ADC1_Init) for MX_ADC1_Init
    main.o(i.main) refers to usart.o(i.MX_USART1_UART_Init) for MX_USART1_UART_Init
    main.o(i.main) refers to tim.o(i.MX_TIM2_Init) for MX_TIM2_Init
    main.o(i.main) refers to usart.o(i.MX_USART2_UART_Init) for MX_USART2_UART_Init
    main.o(i.main) refers to usart.o(i.MX_USART3_UART_Init) for MX_USART3_UART_Init
    main.o(i.main) refers to tim.o(i.MX_TIM3_Init) for MX_TIM3_Init
    main.o(i.main) refers to delay.o(i.delay_init) for delay_init
    main.o(i.main) refers to printfa.o(i.__0printf) for __2printf
    main.o(i.main) refers to stm32f4xx_hal_uart.o(i.HAL_UARTEx_ReceiveToIdle_IT) for HAL_UARTEx_ReceiveToIdle_IT
    main.o(i.main) refers to stm32f4xx_hal_tim.o(i.HAL_TIM_PWM_Start) for HAL_TIM_PWM_Start
    main.o(i.main) refers to uart_hmi.o(i.HMI_RX_proc) for HMI_RX_proc
    main.o(i.main) refers to stm32f4xx_hal_gpio.o(i.HAL_GPIO_WritePin) for HAL_GPIO_WritePin
    main.o(i.main) refers to adc.o(i.Adc_Fs_Change_F) for Adc_Fs_Change_F
    main.o(i.main) refers to adc.o(i.Adc_Start) for Adc_Start
    main.o(i.main) refers to windowfunction.o(i.Window_Function_Init) for Window_Function_Init
    main.o(i.main) refers to my_math.o(i.CalculateAmplitude_By_FFT) for CalculateAmplitude_By_FFT
    main.o(i.main) refers to my_math.o(i.Max_Float_WithinRange) for Max_Float_WithinRange
    main.o(i.main) refers to my_math.o(i.Max_Unsigned) for Max_Unsigned
    main.o(i.main) refers to adc.o(.bss) for hadc1
    main.o(i.main) refers to uart_hmi.o(.bss) for HMI_RX
    main.o(i.main) refers to usart.o(.bss) for huart2
    main.o(i.main) refers to tim.o(.bss) for htim3
    main.o(i.main) refers to main.o(.data) for .data
    main.o(i.main) refers to uart_hmi.o(.data) for pwm_freq
    main.o(i.main) refers to main.o(.bss) for .bss
    main.o(i.main) refers to memseta.o(.text) for __aeabi_memclr4
    main.o(i.main) refers to uart_hmi.o(i.HMI_printf) for HMI_printf
    gpio.o(i.MX_GPIO_Init) refers to memseta.o(.text) for __aeabi_memclr4
    gpio.o(i.MX_GPIO_Init) refers to stm32f4xx_hal_gpio.o(i.HAL_GPIO_WritePin) for HAL_GPIO_WritePin
    gpio.o(i.MX_GPIO_Init) refers to stm32f4xx_hal_gpio.o(i.HAL_GPIO_Init) for HAL_GPIO_Init
    adc.o(i.Adc_Fs_Adjust_C) refers to printfa.o(i.__0printf) for __2printf
[...]
    ../clib/microlib/printf/stubs.s          0x00000000   Number         0  stubs.o ABSOLUTE
    ../clib/microlib/stdio/streams.c         0x00000000   Number         0  stdout.o ABSOLUTE
    ../clib/microlib/string/memset.c         0x00000000   Number         0  memseta.o ABSOLUTE
    ../clib/microlib/string/strlen.c         0x00000000   Number         0  strlen.o ABSOLUTE
    ../clib/microlib/stubs.s                 0x00000000   Number         0  iusefp.o ABSOLUTE
    ../fplib/microlib/fpadd.c                0x00000000   Number         0  dadd.o ABSOLUTE
    ../fplib/microlib/fpdiv.c                0x00000000   Number         0  ddiv.o ABSOLUTE
    ../fplib/microlib/fpepilogue.c           0x00000000   Number         0  depilogue.o ABSOLUTE
    ../fplib/microlib/fpfix.c                0x00000000   Number         0  dfixui.o ABSOLUTE
    ../fplib/microlib/fpfix.c                0x00000000   Number         0  dfixul.o ABSOLUTE
    ../fplib/microlib/fpmul.c                0x00000000   Number         0  dmul.o ABSOLUTE
    ../mathlib/atan2f.c                      0x00000000   Number         0  atan2f_x.o ABSOLUTE
    ../mathlib/atan2f.c                      0x00000000   Number         0  atan2f.o ABSOLUTE
    ../mathlib/fpclassifyf.c                 0x00000000   Number         0  fpclassifyf.o ABSOLUTE
    ../mathlib/funder.c                      0x00000000   Number         0  funder.o ABSOLUTE
    ..\App\Src\UART_HMI.c                    0x00000000   Number         0  uart_hmi.o ABSOLUTE
    ..\App\Src\my_math.c                     0x00000000   Number         0  my_math.o ABSOLUTE
    ..\App\Src\windowfunction.c              0x00000000   Number         0  windowfunction.o ABSOLUTE
    ..\CommonTables\arm_common_tables.c      0x00000000   Number         0  arm_common_tables.o ABSOLUTE
    ..\CommonTables\arm_const_structs.c      0x00000000   Number         0  arm_const_structs.o ABSOLUTE
    ..\ComplexMathFunctions\arm_cmplx_mag_f32.c 0x00000000   Number         0  arm_cmplx_mag_f32.o ABSOLUTE
    ..\Core\Src\adc.c                        0x00000000   Number         0  adc.o ABSOLUTE
    ..\Core\Src\dma.c                        0x00000000   Number         0  dma.o ABSOLUTE
    ..\Core\Src\gpio.c                       0x00000000   Number         0  gpio.o ABSOLUTE
    ..\Core\Src\main.c                       0x00000000   Number         0  main.o ABSOLUTE
    ..\Core\Src\stm32f4xx_hal_msp.c          0x00000000   Number         0  stm32f4xx_hal_msp.o ABSOLUTE
    ..\Core\Src\stm32f4xx_it.c               0x00000000   Number         0  stm32f4xx_it.o ABSOLUTE
    ..\Core\Src\system_stm32f4xx.c           0x00000000   Number         0  system_stm32f4xx.o ABSOLUTE
    ..\Core\Src\tim.c                        0x00000000   Number         0  tim.o ABSOLUTE
    ..\Core\Src\usart.c                      0x00000000   Number         0  usart.o ABSOLUTE
    ..\Drivers\STM32F4xx_HAL_Driver\Src\stm32f4xx_hal.c 0x00000000   Number         0  stm32f4xx_hal.o ABSOLUTE
    ..\Drivers\STM32F4xx_HAL_Driver\Src\stm32f4xx_hal_adc.c 0x00000000   Number         0  stm32f4xx_hal_adc.o ABSOLUTE
    ..\Drivers\STM32F4xx_HAL_Driver\Src\stm32f4xx_hal_adc_ex.c 0x00000000   Number         0  stm32f4xx_hal_adc_ex.o ABSOLUTE
    ..\Drivers\STM32F4xx_HAL_Driver\Src\stm32f4xx_hal_cortex.c 0x00000000   Number         0  stm32f4xx_hal_cortex.o ABSOLUTE
    ..\Drivers\STM32F4xx_HAL_Driver\Src\stm32f4xx_hal_dma.c 0x00000000   Number         0  stm32f4xx_hal_dma.o ABSOLUTE
    ..\Drivers\STM32F4xx_HAL_Driver\Src\stm32f4xx_hal_dma_ex.c 0x00000000   Number         0  stm32f4xx_hal_dma_ex.o ABSOLUTE
    ..\Drivers\STM32F4xx_HAL_Driver\Src\stm32f4xx_hal_exti.c 0x00000000   Number         0  stm32f4xx_hal_exti.o ABSOLUTE
    ..\Drivers\STM32F4xx_HAL_Driver\Src\stm32f4xx_hal_flash.c 0x00000000   Number         0  stm32f4xx_hal_flash.o ABSOLUTE
    ..\Drivers\STM32F4xx_HAL_Driver\Src\stm32f4xx_hal_flash_ex.c 0x00000000   Number         0  stm32f4xx_hal_flash_ex.o ABSOLUTE
    ..\Drivers\STM32F4xx_HAL_Driver\Src\stm32f4xx_hal_flash_ramfunc.c 0x00000000   Number         0  stm32f4xx_hal_flash_ramfunc.o ABSOLUTE
    ..\Drivers\STM32F4xx_HAL_Driver\Src\stm32f4xx_hal_gpio.c 0x00000000   Number         0  stm32f4xx_hal_gpio.o ABSOLUTE
    ..\Drivers\STM32F4xx_HAL_Driver\Src\stm32f4xx_hal_pwr.c 0x00000000   Number         0  stm32f4xx_hal_pwr.o ABSOLUTE
    ..\Drivers\STM32F4xx_HAL_Driver\Src\stm32f4xx_hal_pwr_ex.c 0x00000000   Number         0  stm32f4xx_hal_pwr_ex.o ABSOLUTE
    ..\Drivers\STM32F4xx_HAL_Driver\Src\stm32f4xx_hal_rcc.c 0x00000000   Number         0  stm32f4xx_hal_rcc.o ABSOLUTE
    ..\Drivers\STM32F4xx_HAL_Driver\Src\stm32f4xx_hal_rcc_ex.c 0x00000000   Number         0  stm32f4xx_hal_rcc_ex.o ABSOLUTE
    ..\Drivers\STM32F4xx_HAL_Driver\Src\stm32f4xx_hal_tim.c 0x00000000   Number         0  stm32f4xx_hal_tim.o ABSOLUTE
    ..\Drivers\STM32F4xx_HAL_Driver\Src\stm32f4xx_hal_tim_ex.c 0x00000000   Number         0  stm32f4xx_hal_tim_ex.o ABSOLUTE
    ..\Drivers\STM32F4xx_HAL_Driver\Src\stm32f4xx_hal_uart.c 0x00000000   Number         0  stm32f4xx_hal_uart.o ABSOLUTE
    ..\FastMathFunctions\arm_cos_f32.c       0x00000000   Number         0  arm_cos_f32.o ABSOLUTE
    ..\Hardware\Src\AD985x.c                 0x00000000   Number         0  ad985x.o ABSOLUTE
    ..\Hardware\Src\ADF4351.c                0x00000000   Number         0  adf4351.o ABSOLUTE
    ..\Hardware\Src\Key.c                    0x00000000   Number         0  key.o ABSOLUTE
    ..\StatisticsFunctions\arm_mean_q15.c    0x00000000   Number         0  arm_mean_q15.o ABSOLUTE
    ..\Sys\delay.c                           0x00000000   Number         0  delay.o ABSOLUTE
    ..\TransformFunctions\arm_cfft_f32.c     0x00000000   Number         0  arm_cfft_f32.o ABSOLUTE
    ..\TransformFunctions\arm_cfft_radix8_f32.c 0x00000000   Number         0  arm_cfft_radix8_f32.o ABSOLUTE
    ..\\App\\Src\\UART_HMI.c                 0x00000000   Number         0  uart_hmi.o ABSOLUTE
    ..\\App\\Src\\my_math.c                  0x00000000   Number         0  my_math.o ABSOLUTE
    ..\\App\\Src\\windowfunction.c           0x00000000   Number         0  windowfunction.o ABSOLUTE
    ..\\CommonTables\\arm_common_tables.c    0x00000000   Number         0  arm_common_tables.o ABSOLUTE
    ..\\CommonTables\\arm_const_structs.c    0x00000000   Number         0  arm_const_structs.o ABSOLUTE
    ..\\ComplexMathFunctions\\arm_cmplx_mag_f32.c 0x00000000   Number         0  arm_cmplx_mag_f32.o ABSOLUTE
    ..\\FastMathFunctions\\arm_cos_f32.c     0x00000000   Number         0  arm_cos_f32.o ABSOLUTE
    ..\\Hardware\\Src\\AD985x.c              0x00000000   Number         0  ad985x.o ABSOLUTE
    ..\\Hardware\\Src\\ADF4351.c             0x00000000   Number         0  adf4351.o ABSOLUTE
    ..\\Hardware\\Src\\Key.c                 0x00000000   Number         0  key.o ABSOLUTE
    ..\\StatisticsFunctions\\arm_mean_q15.c  0x00000000   Number         0  arm_mean_q15.o ABSOLUTE
    ..\\Sys\\delay.c                         0x00000000   Number         0  delay.o ABSOLUTE
    ..\\TransformFunctions\\arm_bitreversal2.S 0x00000000   Number         0  arm_bitreversal2.o ABSOLUTE
    ..\\TransformFunctions\\arm_cfft_f32.c   0x00000000   Number         0  arm_cfft_f32.o ABSOLUTE
    ..\\TransformFunctions\\arm_cfft_radix8_f32.c 0x00000000   Number         0  arm_cfft_radix8_f32.o ABSOLUTE
    cdrcmple.s                               0x00000000   Number         0  cdrcmple.o ABSOLUTE
    dc.s                                     0x00000000   Number         0  dc.o ABSOLUTE
    handlers.s                               0x00000000   Number         0  handlers.o ABSOLUTE
    init.s                                   0x00000000   Number         0  init.o ABSOLUTE
    startup_stm32f429xx.s                    0x00000000   Number         0  startup_stm32f429xx.o ABSOLUTE
    RESET                                    0x08000000   Section      428  startup_stm32f429xx.o(RESET)
    . text                                   0x080001ac   Section      192  arm_bitreversal2.o(. text)
    $v0                                      0x080001ac   Number         0  arm_bitreversal2.o(. text)
    .ARM.Collect$$$$00000000                 0x0800026c   Section        0  entry.o(.ARM.Collect$$$$00000000)
    .ARM.Collect$$$$00000001                 0x0800026c   Section        4  entry2.o(.ARM.Collect$$$$00000001)
    .ARM.Collect$$$$00000004                 0x08000270   Section        4  entry5.o(.ARM.Collect$$$$00000004)
    .ARM.Collect$$$$00000008                 0x08000274   Section        0  entry7b.o(.ARM.Collect$$$$00000008)
    .ARM.Collect$$$$0000000A                 0x08000274   Section        0  entry8b.o(.ARM.Collect$$$$0000000A)
    .ARM.Collect$$$$0000000B                 0x08000274   Section        8  entry9a.o(.ARM.Collect$$$$0000000B)
    .ARM.Collect$$$$0000000E                 0x0800027c   Section        4  entry12b.o(.ARM.Collect$$$$0000000E)
    .ARM.Collect$$$$0000000F                 0x08000280   Section        0  entry10a.o(.ARM.Collect$$$$0000000F)
    .ARM.Collect$$$$00000011                 0x08000280   Section        0  entry11a.o(.ARM.Collect$$$$00000011)
    .ARM.Collect$$$$00002712                 0x08000280   Section        4  entry2.o(.ARM.Collect$$$$00002712)
    __lit__00000000                          0x08000280   Data           4  entry2.o(.ARM.Collect$$$$00002712)
    .text                                    0x08000284   Section       36  startup_stm32f429xx.o(.text)
    $v0                                      0x08000284   Number         0  startup_stm32f429xx.o(.text)
    .text                                    0x080002a8   Section        0  arm_cos_f32.o(.text)
    .text                                    0x08000320   Section        0  arm_cmplx_mag_f32.o(.text)
    .text                                    0x0800041c   Section        0  arm_cfft_f32.o(.text)
    .text                                    0x08000b40   Section        0  arm_mean_q15.o(.text)
    .text                                    0x08000c00   Section        0  arm_cfft_radix8_f32.o(.text)
    .text                                    0x080010dc   Section        0  uldiv.o(.text)
    .text                                    0x0800113e   Section        0  memseta.o(.text)
    .text                                    0x08001162   Section        0  strlen.o(.text)
    .text                                    0x08001170   Section        0  dmul.o(.text)
    .text                                    0x08001254   Section        0  uidiv.o(.text)
    .text                                    0x08001280   Section        0  llshl.o(.text)
    .text                                    0x0800129e   Section        0  llushr.o(.text)
    .text                                    0x080012be   Section        0  depilogue.o(.text)
    .text                                    0x080012be   Section        0  iusefp.o(.text)
    .text                                    0x08001378   Section        0  dadd.o(.text)
    .text                                    0x080014c6   Section        0  ddiv.o(.text)
    .text                                    0x080015a4   Section        0  dfixul.o(.text)
    .text                                    0x080015d4   Section       48  cdrcmple.o(.text)
    .text                                    0x08001604   Section       36  init.o(.text)
    .text                                    0x08001628   Section        0  llsshr.o(.text)
    i.ADC_DMAConvCplt                        0x0800164c   Section        0  stm32f4xx_hal_adc.o(i.ADC_DMAConvCplt)
    ADC_DMAConvCplt                          0x0800164d   Thumb Code   110  stm32f4xx_hal_adc.o(i.ADC_DMAConvCplt)
    i.ADC_DMAError                           0x080016ba   Section        0  stm32f4xx_hal_adc.o(i.ADC_DMAError)
    ADC_DMAError                             0x080016bb   Thumb Code    22  stm32f4xx_hal_adc.o(i.ADC_DMAError)
    i.ADC_DMAHalfConvCplt                    0x080016d0   Section        0  stm32f4xx_hal_adc.o(i.ADC_DMAHalfConvCplt)
    ADC_DMAHalfConvCplt                      0x080016d1   Thumb Code    10  stm32f4xx_hal_adc.o(i.ADC_DMAHalfConvCplt)
    i.ADC_IRQHandler                         0x080016dc   Section        0  stm32f4xx_it.o(i.ADC_IRQHandler)
    i.ADC_Init                               0x080016e8   Section        0  stm32f4xx_hal_adc.o(i.ADC_Init)
    ADC_Init                                 0x080016e9   Thumb Code   284  stm32f4xx_hal_adc.o(i.ADC_Init)
    i.Adc_Fs_Change_F                        0x08001810   Section        0  adc.o(i.Adc_Fs_Change_F)
    i.Adc_Start                              0x08001830   Section        0  adc.o(i.Adc_Start)
    i.BusFault_Handler                       0x0800186c   Section        0  stm32f4xx_it.o(i.BusFault_Handler)
    i.CalculateAmplitude_By_FFT              0x08001870   Section        0  my_math.o(i.CalculateAmplitude_By_FFT)
    i.DMA2_Stream0_IRQHandler                0x08001900   Section        0  stm32f4xx_it.o(i.DMA2_Stream0_IRQHandler)
    i.DMA_CalcBaseAndBitshift                0x0800190c   Section        0  stm32f4xx_hal_dma.o(i.DMA_CalcBaseAndBitshift)
    DMA_CalcBaseAndBitshift                  0x0800190d   Thumb Code    34  stm32f4xx_hal_dma.o(i.DMA_CalcBaseAndBitshift)
    i.DMA_CheckFifoParam                     0x08001934   Section        0  stm32f4xx_hal_dma.o(i.DMA_CheckFifoParam)
    DMA_CheckFifoParam                       0x08001935   Thumb Code    84  stm32f4xx_hal_dma.o(i.DMA_CheckFifoParam)
    i.DMA_SetConfig                          0x08001988   Section        0  stm32f4xx_hal_dma.o(i.DMA_SetConfig)
    DMA_SetConfig                            0x08001989   Thumb Code    40  stm32f4xx_hal_dma.o(i.DMA_SetConfig)
    i.DebugMon_Handler                       0x080019b0   Section        0  stm32f4xx_it.o(i.DebugMon_Handler)
    i.Error_Handler                          0x080019b2   Section        0  main.o(i.Error_Handler)
    i.HAL_ADCEx_InjectedConvCpltCallback     0x080019b6   Section        0  stm32f4xx_hal_adc_ex.o(i.HAL_ADCEx_InjectedConvCpltCallback)
    i.HAL_ADC_ConfigChannel                  0x080019b8   Section        0  stm32f4xx_hal_adc.o(i.HAL_ADC_ConfigChannel)
    i.HAL_ADC_ConvCpltCallback               0x08001b1c   Section        0  adc.o(i.HAL_ADC_ConvCpltCallback)
    i.HAL_ADC_ConvHalfCpltCallback           0x08001b44   Section        0  stm32f4xx_hal_adc.o(i.HAL_ADC_ConvHalfCpltCallback)
    i.HAL_ADC_ErrorCallback                  0x08001b46   Section        0  stm32f4xx_hal_adc.o(i.HAL_ADC_ErrorCallback)
    i.HAL_ADC_IRQHandler                     0x08001b48   Section        0  stm32f4xx_hal_adc.o(i.HAL_ADC_IRQHandler)
    i.HAL_ADC_Init                           0x08001c76   Section        0  stm32f4xx_hal_adc.o(i.HAL_ADC_Init)
    i.HAL_ADC_LevelOutOfWindowCallback       0x08001cca   Section        0  stm32f4xx_hal_adc.o(i.HAL_ADC_LevelOutOfWindowCallback)
    i.HAL_ADC_MspInit                        0x08001ccc   Section        0  adc.o(i.HAL_ADC_MspInit)
    i.HAL_ADC_Start_DMA                      0x08001d74   Section        0  stm32f4xx_hal_adc.o(i.HAL_ADC_Start_DMA)
    i.HAL_DMA_Abort                          0x08001ec8   Section        0  stm32f4xx_hal_dma.o(i.HAL_DMA_Abort)
    i.HAL_DMA_Abort_IT                       0x08001f5a   Section        0  stm32f4xx_hal_dma.o(i.HAL_DMA_Abort_IT)
    i.HAL_DMA_IRQHandler                     0x08001f80   Section        0  stm32f4xx_hal_dma.o(i.HAL_DMA_IRQHandler)
    i.HAL_DMA_Init                           0x08002120   Section        0  stm32f4xx_hal_dma.o(i.HAL_DMA_Init)
    i.HAL_DMA_Start_IT                       0x080021f4   Section        0  stm32f4xx_hal_dma.o(i.HAL_DMA_Start_IT)
    i.HAL_GPIO_Init                          0x08002264   Section        0  stm32f4xx_hal_gpio.o(i.HAL_GPIO_Init)
    i.HAL_GPIO_WritePin                      0x08002498   Section        0  stm32f4xx_hal_gpio.o(i.HAL_GPIO_WritePin)
    i.HAL_GetTick                            0x080024a4   Section        0  stm32f4xx_hal.o(i.HAL_GetTick)
    i.HAL_IncTick                            0x080024b0   Section        0  stm32f4xx_hal.o(i.HAL_IncTick)
    i.HAL_Init                               0x080024c0   Section        0  stm32f4xx_hal.o(i.HAL_Init)
    i.HAL_InitTick                           0x080024f4   Section        0  stm32f4xx_hal.o(i.HAL_InitTick)
    i.HAL_MspInit                            0x08002534   Section        0  stm32f4xx_hal_msp.o(i.HAL_MspInit)
    i.HAL_NVIC_EnableIRQ                     0x08002564   Section        0  stm32f4xx_hal_cortex.o(i.HAL_NVIC_EnableIRQ)
    i.HAL_NVIC_SetPriority                   0x08002580   Section        0  stm32f4xx_hal_cortex.o(i.HAL_NVIC_SetPriority)
    i.HAL_NVIC_SetPriorityGrouping           0x080025c0   Section        0  stm32f4xx_hal_cortex.o(i.HAL_NVIC_SetPriorityGrouping)
    i.HAL_RCC_ClockConfig                    0x080025e4   Section        0  stm32f4xx_hal_rcc.o(i.HAL_RCC_ClockConfig)
    i.HAL_RCC_GetPCLK1Freq                   0x08002718   Section        0  stm32f4xx_hal_rcc.o(i.HAL_RCC_GetPCLK1Freq)
    i.HAL_RCC_GetPCLK2Freq                   0x08002738   Section        0  stm32f4xx_hal_rcc.o(i.HAL_RCC_GetPCLK2Freq)
    i.HAL_RCC_GetSysClockFreq                0x08002758   Section        0  stm32f4xx_hal_rcc.o(i.HAL_RCC_GetSysClockFreq)
    i.HAL_RCC_OscConfig                      0x080027bc   Section        0  stm32f4xx_hal_rcc.o(i.HAL_RCC_OscConfig)
    i.HAL_SYSTICK_CLKSourceConfig            0x08002b28   Section        0  stm32f4xx_hal_cortex.o(i.HAL_SYSTICK_CLKSourceConfig)
    i.HAL_SYSTICK_Config                     0x08002b40   Section        0  stm32f4xx_hal_cortex.o(i.HAL_SYSTICK_Config)
    i.HAL_TIMEx_MasterConfigSynchronization  0x08002b68   Section        0  stm32f4xx_hal_tim_ex.o(i.HAL_TIMEx_MasterConfigSynchronization)
    i.HAL_TIM_Base_Init                      0x08002bf8   Section        0  stm32f4xx_hal_tim.o(i.HAL_TIM_Base_Init)
    i.HAL_TIM_Base_MspInit                   0x08002c54   Section        0  tim.o(i.HAL_TIM_Base_MspInit)
    i.HAL_TIM_ConfigClockSource              0x08002c90   Section        0  stm32f4xx_hal_tim.o(i.HAL_TIM_ConfigClockSource)
    i.HAL_TIM_MspPostInit                    0x08002d6c   Section        0  tim.o(i.HAL_TIM_MspPostInit)
    i.HAL_TIM_PWM_ConfigChannel              0x08002dbc   Section        0  stm32f4xx_hal_tim.o(i.HAL_TIM_PWM_ConfigChannel)
    i.HAL_TIM_PWM_Init                       0x08002e88   Section        0  stm32f4xx_hal_tim.o(i.HAL_TIM_PWM_Init)
    i.HAL_TIM_PWM_MspInit                    0x08002ee2   Section        0  stm32f4xx_hal_tim.o(i.HAL_TIM_PWM_MspInit)
    i.HAL_TIM_PWM_Start                      0x08002ee4   Section        0  stm32f4xx_hal_tim.o(i.HAL_TIM_PWM_Start)
    i.HAL_TIM_PWM_Stop                       0x08002fac   Section        0  stm32f4xx_hal_tim.o(i.HAL_TIM_PWM_Stop)
    i.HAL_UARTEx_ReceiveToIdle_IT            0x08003028   Section        0  stm32f4xx_hal_uart.o(i.HAL_UARTEx_ReceiveToIdle_IT)
    i.HAL_UARTEx_RxEventCallback             0x08003080   Section        0  main.o(i.HAL_UARTEx_RxEventCallback)
    i.HAL_UART_ErrorCallback                 0x080030a8   Section        0  stm32f4xx_hal_uart.o(i.HAL_UART_ErrorCallback)
    i.HAL_UART_IRQHandler                    0x080030ac   Section        0  stm32f4xx_hal_uart.o(i.HAL_UART_IRQHandler)
    i.HAL_UART_Init                          0x08003314   Section        0  stm32f4xx_hal_uart.o(i.HAL_UART_Init)
    i.HAL_UART_MspInit                       0x08003378   Section        0  usart.o(i.HAL_UART_MspInit)
    i.HAL_UART_RxCpltCallback                0x08003488   Section        0  stm32f4xx_hal_uart.o(i.HAL_UART_RxCpltCallback)
    i.HAL_UART_Transmit                      0x0800348c   Section        0  stm32f4xx_hal_uart.o(i.HAL_UART_Transmit)
    i.HAL_UART_TxCpltCallback                0x0800353e   Section        0  stm32f4xx_hal_uart.o(i.HAL_UART_TxCpltCallback)
    i.HMI_RX_proc                            0x08003540   Section        0  uart_hmi.o(i.HMI_RX_proc)
    i.HMI_printf                             0x08003600   Section        0  uart_hmi.o(i.HMI_printf)
    i.HardFault_Handler                      0x08003644   Section        0  stm32f4xx_it.o(i.HardFault_Handler)
    i.MX_ADC1_Init                           0x08003648   Section        0  adc.o(i.MX_ADC1_Init)
    i.MX_DMA_Init                            0x080036ac   Section        0  dma.o(i.MX_DMA_Init)
    i.MX_GPIO_Init                           0x080036d8   Section        0  gpio.o(i.MX_GPIO_Init)
    i.MX_TIM2_Init                           0x08003790   Section        0  tim.o(i.MX_TIM2_Init)
    i.MX_TIM3_Init                           0x08003820   Section        0  tim.o(i.MX_TIM3_Init)
    i.MX_USART1_UART_Init                    0x080038b8   Section        0  usart.o(i.MX_USART1_UART_Init)
    i.MX_USART2_UART_Init                    0x080038f0   Section        0  usart.o(i.MX_USART2_UART_Init)
    i.MX_USART3_UART_Init                    0x08003928   Section        0  usart.o(i.MX_USART3_UART_Init)
    i.Max_Float_WithinRange                  0x08003960   Section        0  my_math.o(i.Max_Float_WithinRange)
    i.Max_Unsigned                           0x08003990   Section        0  my_math.o(i.Max_Unsigned)
    i.MemManage_Handler                      0x080039c2   Section        0  stm32f4xx_it.o(i.MemManage_Handler)
    i.NMI_Handler                            0x080039c4   Section        0  stm32f4xx_it.o(i.NMI_Handler)
    i.PendSV_Handler                         0x080039c6   Section        0  stm32f4xx_it.o(i.PendSV_Handler)
    i.SVC_Handler                            0x080039c8   Section        0  stm32f4xx_it.o(i.SVC_Handler)
    i.SysTick_Handler                        0x080039ca   Section        0  stm32f4xx_it.o(i.SysTick_Handler)
    i.SystemClock_Config                     0x080039d0   Section        0  main.o(i.SystemClock_Config)
    i.SystemInit                             0x08003a68   Section        0  system_stm32f4xx.o(i.SystemInit)
    i.TIM_Base_SetConfig                     0x08003a78   Section        0  stm32f4xx_hal_tim.o(i.TIM_Base_SetConfig)
    i.TIM_CCxChannelCmd                      0x08003b40   Section        0  stm32f4xx_hal_tim.o(i.TIM_CCxChannelCmd)
    i.TIM_ETR_SetConfig                      0x08003b5a   Section        0  stm32f4xx_hal_tim.o(i.TIM_ETR_SetConfig)
    i.TIM_ITRx_SetConfig                     0x08003b6e   Section        0  stm32f4xx_hal_tim.o(i.TIM_ITRx_SetConfig)
    TIM_ITRx_SetConfig                       0x08003b6f   Thumb Code    16  stm32f4xx_hal_tim.o(i.TIM_ITRx_SetConfig)
    i.TIM_OC1_SetConfig                      0x08003b80   Section        0  stm32f4xx_hal_tim.o(i.TIM_OC1_SetConfig)
    TIM_OC1_SetConfig                        0x08003b81   Thumb Code    88  stm32f4xx_hal_tim.o(i.TIM_OC1_SetConfig)
    i.TIM_OC2_SetConfig                      0x08003be0   Section        0  stm32f4xx_hal_tim.o(i.TIM_OC2_SetConfig)
    i.TIM_OC3_SetConfig                      0x08003c4c   Section        0  stm32f4xx_hal_tim.o(i.TIM_OC3_SetConfig)
    TIM_OC3_SetConfig                        0x08003c4d   Thumb Code    96  stm32f4xx_hal_tim.o(i.TIM_OC3_SetConfig)
    i.TIM_OC4_SetConfig                      0x08003cb4   Section        0  stm32f4xx_hal_tim.o(i.TIM_OC4_SetConfig)
    TIM_OC4_SetConfig                        0x08003cb5   Thumb Code    70  stm32f4xx_hal_tim.o(i.TIM_OC4_SetConfig)
    i.TIM_TI1_ConfigInputStage               0x08003d04   Section        0  stm32f4xx_hal_tim.o(i.TIM_TI1_ConfigInputStage)
    TIM_TI1_ConfigInputStage                 0x08003d05   Thumb Code    34  stm32f4xx_hal_tim.o(i.TIM_TI1_ConfigInputStage)
    i.TIM_TI2_ConfigInputStage               0x08003d26   Section        0  stm32f4xx_hal_tim.o(i.TIM_TI2_ConfigInputStage)
    TIM_TI2_ConfigInputStage                 0x08003d27   Thumb Code    36  stm32f4xx_hal_tim.o(i.TIM_TI2_ConfigInputStage)
    i.UART_DMAAbortOnError                   0x08003d4a   Section        0  stm32f4xx_hal_uart.o(i.UART_DMAAbortOnError)
    UART_DMAAbortOnError                     0x08003d4b   Thumb Code    16  stm32f4xx_hal_uart.o(i.UART_DMAAbortOnError)
    i.UART_EndRxTransfer                     0x08003d5a   Section        0  stm32f4xx_hal_uart.o(i.UART_EndRxTransfer)
    UART_EndRxTransfer                       0x08003d5b   Thumb Code    78  stm32f4xx_hal_uart.o(i.UART_EndRxTransfer)
    i.UART_Receive_IT                        0x08003da8   Section        0  stm32f4xx_hal_uart.o(i.UART_Receive_IT)
    UART_Receive_IT                          0x08003da9   Thumb Code   192  stm32f4xx_hal_uart.o(i.UART_Receive_IT)
    i.UART_SetConfig                         0x08003e68   Section        0  stm32f4xx_hal_uart.o(i.UART_SetConfig)
    UART_SetConfig                           0x08003e69   Thumb Code   258  stm32f4xx_hal_uart.o(i.UART_SetConfig)
    i.UART_Start_Receive_IT                  0x08003f74   Section        0  stm32f4xx_hal_uart.o(i.UART_Start_Receive_IT)
    i.UART_WaitOnFlagUntilTimeout            0x08003fae   Section        0  stm32f4xx_hal_uart.o(i.UART_WaitOnFlagUntilTimeout)
    UART_WaitOnFlagUntilTimeout              0x08003faf   Thumb Code   120  stm32f4xx_hal_uart.o(i.UART_WaitOnFlagUntilTimeout)
    i.USART2_IRQHandler                      0x08004028   Section        0  stm32f4xx_it.o(i.USART2_IRQHandler)
    i.USART3_IRQHandler                      0x08004034   Section        0  stm32f4xx_it.o(i.USART3_IRQHandler)
    i.UsageFault_Handler                     0x08004040   Section        0  stm32f4xx_it.o(i.UsageFault_Handler)
    i.Window_Function_Add                    0x08004044   Section        0  windowfunction.o(i.Window_Function_Add)
    i.Window_Function_Init                   0x08004074   Section        0  windowfunction.o(i.Window_Function_Init)
    i.__0printf                              0x08004204   Section        0  printfa.o(i.__0printf)
    i.__0vsprintf                            0x08004224   Section        0  printfa.o(i.__0vsprintf)
    i.__NVIC_SetPriority                     0x08004248   Section        0  stm32f4xx_hal_cortex.o(i.__NVIC_SetPriority)
    __NVIC_SetPriority                       0x08004249   Thumb Code    32  stm32f4xx_hal_cortex.o(i.__NVIC_SetPriority)
    i.__scatterload_copy                     0x08004268   Section       14  handlers.o(i.__scatterload_copy)
    i.__scatterload_null                     0x08004276   Section        2  handlers.o(i.__scatterload_null)
    i.__scatterload_zeroinit                 0x08004278   Section       14  handlers.o(i.__scatterload_zeroinit)
    i._fp_digits                             0x08004288   Section        0  printfa.o(i._fp_digits)
    _fp_digits                               0x08004289   Thumb Code   366  printfa.o(i._fp_digits)
    i._printf_core                           0x0800440c   Section        0  printfa.o(i._printf_core)
    _printf_core                             0x0800440d   Thumb Code  1704  printfa.o(i._printf_core)
    i._printf_post_padding                   0x08004ac0   Section        0  printfa.o(i._printf_post_padding)
    _printf_post_padding                     0x08004ac1   Thumb Code    36  printfa.o(i._printf_post_padding)
    i._printf_pre_padding                    0x08004ae4   Section        0  printfa.o(i._printf_pre_padding)
    _printf_pre_padding                      0x08004ae5   Thumb Code    46  printfa.o(i._printf_pre_padding)
    i._sputc                                 0x08004b12   Section        0  printfa.o(i._sputc)
    _sputc                                   0x08004b13   Thumb Code    10  printfa.o(i._sputc)
    i.boxcar                                 0x08004b1c   Section        0  windowfunction.o(i.boxcar)
    boxcar                                   0x08004b1d   Thumb Code    30  windowfunction.o(i.boxcar)
    i.delay_init                             0x08004b40   Section        0  delay.o(i.delay_init)
    i.flattop                                0x08004b54   Section        0  windowfunction.o(i.flattop)
    flattop                                  0x08004b55   Thumb Code   210  windowfunction.o(i.flattop)
    i.fputc                                  0x08004c50   Section        0  usart.o(i.fputc)
    i.main                                   0x08004c68   Section        0  main.o(i.main)
    .constdata                               0x080051f0   Section        8  stm32f4xx_hal_dma.o(.constdata)
    flagBitshiftOffset                       0x080051f0   Data           8  stm32f4xx_hal_dma.o(.constdata)
    .constdata                               0x080051f8   Section       16  system_stm32f4xx.o(.constdata)
    .constdata                               0x08005208   Section        8  system_stm32f4xx.o(.constdata)
    .constdata                               0x08005210   Section       16  arm_const_structs.o(.constdata)
    .constdata                               0x08005220   Section    32768  arm_common_tables.o(.constdata)
    .constdata                               0x0800d220   Section     8064  arm_common_tables.o(.constdata)
    .constdata                               0x0800f1a0   Section     2052  arm_common_tables.o(.constdata)
    .data                                    0x20000000   Section       60  main.o(.data)
    .data                                    0x2000003c   Section        2  adc.o(.data)
    .data                                    0x20000040   Section       12  stm32f4xx_hal.o(.data)
    .data                                    0x2000004c   Section        4  system_stm32f4xx.o(.data)
    .data                                    0x20000050   Section        4  delay.o(.data)
    fac_us                                   0x20000050   Data           4  delay.o(.data)
    .data                                    0x20000054   Section        2  uart_hmi.o(.data)
    .data                                    0x20000058   Section        4  stdout.o(.data)
    .bss                                     0x2000005c   Section    19684  main.o(.bss)
    .bss                                     0x20005000   Section     2216  adc.o(.bss)
    .bss                                     0x200058a8   Section      144  tim.o(.bss)
    .bss                                     0x20005938   Section      204  usart.o(.bss)
    .bss                                     0x20005a04   Section    32768  my_math.o(.bss)
    FFT_Input_Buf                            0x20005a04   Data       32768  my_math.o(.bss)
    .bss                                     0x2000da04   Section     4096  windowfunction.o(.bss)
    Win_Function_Buf                         0x2000da04   Data        4096  windowfunction.o(.bss)
    .bss                                     0x2000ea08   Section     1288  uart_hmi.o(.bss)
    STACK                                    0x2000ef10   Section     1024  startup_stm32f429xx.o(STACK)

    Global Symbols

    Symbol Name                              Value     Ov Type        Size  Object(Section)

    BuildAttributes$$THM_ISAv4$E$P$D$K$B$S$7EM$VFPi3$EXTD16$VFPS$VFMA$PE$A:L22UL41UL21$X:L11$S22US41US21$IEEE1$IW$USESV6$~STKCKD$USESV7$~SHL$OTIME$ROPI$IEEEX$EBA8$MICROLIB$REQ8$PRES8$EABIv2 0x00000000   Number         0  anon$$obj.o ABSOLUTE
    __ARM_use_no_argv                        0x00000000   Number         0  main.o ABSOLUTE
    _printf_a                                0x00000000   Number         0  stubs.o ABSOLUTE
    _printf_c                                0x00000000   Number         0  stubs.o ABSOLUTE
    _printf_charcount                        0x00000000   Number         0  stubs.o ABSOLUTE
    _printf_d                                0x00000000   Number         0  stubs.o ABSOLUTE
    _printf_e                                0x00000000   Number         0  stubs.o ABSOLUTE
    _printf_f                                0x00000000   Number         0  stubs.o ABSOLUTE
    _printf_flags                            0x00000000   Number         0  stubs.o ABSOLUTE
    _printf_fp_dec                           0x00000000   Number         0  stubs.o ABSOLUTE
    _printf_fp_hex                           0x00000000   Number         0  stubs.o ABSOLUTE
    _printf_g                                0x00000000   Number         0  stubs.o ABSOLUTE
    _printf_i                                0x00000000   Number         0  stubs.o ABSOLUTE
    _printf_int_dec                          0x00000000   Number         0  stubs.o ABSOLUTE
    _printf_l                                0x00000000   Number         0  stubs.o ABSOLUTE
    _printf_lc                               0x00000000   Number         0  stubs.o ABSOLUTE
    _printf_ll                               0x00000000   Number         0  stubs.o ABSOLUTE
    _printf_lld                              0x00000000   Number         0  stubs.o ABSOLUTE
    _printf_lli                              0x00000000   Number         0  stubs.o ABSOLUTE
    _printf_llo                              0x00000000   Number         0  stubs.o ABSOLUTE
    _printf_llu                              0x00000000   Number         0  stubs.o ABSOLUTE
    _printf_llx                              0x00000000   Number         0  stubs.o ABSOLUTE
    _printf_longlong_dec                     0x00000000   Number         0  stubs.o ABSOLUTE
    _printf_longlong_hex                     0x00000000   Number         0  stubs.o ABSOLUTE
    _printf_longlong_oct                     0x00000000   Number         0  stubs.o ABSOLUTE
    _printf_ls                               0x00000000   Number         0  stubs.o ABSOLUTE
    _printf_mbtowc                           0x00000000   Number         0  stubs.o ABSOLUTE
    _printf_n                                0x00000000   Number         0  stubs.o ABSOLUTE
    _printf_o                                0x00000000   Number         0  stubs.o ABSOLUTE
    _printf_p                                0x00000000   Number         0  stubs.o ABSOLUTE
    _printf_percent                          0x00000000   Number         0  stubs.o ABSOLUTE
    _printf_pre_padding                      0x00000000   Number         0  stubs.o ABSOLUTE
    _printf_return_value                     0x00000000   Number         0  stubs.o ABSOLUTE
    _printf_s                                0x00000000   Number         0  stubs.o ABSOLUTE
    _printf_sizespec                         0x00000000   Number         0  stubs.o ABSOLUTE
    _printf_str                              0x00000000   Number         0  stubs.o ABSOLUTE
    _printf_truncate_signed                  0x00000000   Number         0  stubs.o ABSOLUTE
    _printf_truncate_unsigned                0x00000000   Number         0  stubs.o ABSOLUTE
    _printf_u                                0x00000000   Number         0  stubs.o ABSOLUTE
    _printf_wc                               0x00000000   Number         0  stubs.o ABSOLUTE
    _printf_wctomb                           0x00000000   Number         0  stubs.o ABSOLUTE
    _printf_widthprec                        0x00000000   Number         0  stubs.o ABSOLUTE
    _printf_x                                0x00000000   Number         0  stubs.o ABSOLUTE
    __arm_fini_                               - Undefined Weak Reference
    __cpp_initialize__aeabi_                  - Undefined Weak Reference
    __cxa_finalize                            - Undefined Weak Reference
    __decompress                              - Undefined Weak Reference
    _clock_init                               - Undefined Weak Reference
    _microlib_exit                            - Undefined Weak Reference
    __Vectors_Size                           0x000001ac   Number         0  startup_stm32f429xx.o ABSOLUTE
    __Vectors                                0x08000000   Data           4  startup_stm32f429xx.o(RESET)
    __Vectors_End                            0x080001ac   Data           0  startup_stm32f429xx.o(RESET)
    arm_bitreversal_32                       0x080001ad   Thumb Code   106  arm_bitreversal2.o(. text)
    arm_bitreversal_16                       0x08000217   Thumb Code    86  arm_bitreversal2.o(. text)
    __main                                   0x0800026d   Thumb Code     0  entry.o(.ARM.Collect$$$$00000000)
    _main_stk                                0x0800026d   Thumb Code     0  entry2.o(.ARM.Collect$$$$00000001)
    _main_scatterload                        0x08000271   Thumb Code     0  entry5.o(.ARM.Collect$$$$00000004)
    __main_after_scatterload                 0x08000275   Thumb Code     0  entry5.o(.ARM.Collect$$$$00000004)
    _main_clock                              0x08000275   Thumb Code     0  entry7b.o(.ARM.Collect$$$$00000008)
    _main_cpp_init                           0x08000275   Thumb Code     0  entry8b.o(.ARM.Collect$$$$0000000A)
    _main_init                               0x08000275   Thumb Code     0  entry9a.o(.ARM.Collect$$$$0000000B)
    __rt_lib_shutdown_fini                   0x0800027d   Thumb Code     0  entry12b.o(.ARM.Collect$$$$0000000E)
    __rt_final_cpp                           0x08000281   Thumb Code     0  entry10a.o(.ARM.Collect$$$$0000000F)
    __rt_final_exit                          0x08000281   Thumb Code     0  entry11a.o(.ARM.Collect$$$$00000011)
    Reset_Handler                            0x08000285   Thumb Code     8  startup_stm32f429xx.o(.text)
    CAN1_RX0_IRQHandler                      0x0800029f   Thumb Code     0  startup_stm32f429xx.o(.text)
    CAN1_RX1_IRQHandler                      0x0800029f   Thumb Code     0  startup_stm32f429xx.o(.text)
    CAN1_SCE_IRQHandler                      0x0800029f   Thumb Code     0  startup_stm32f429xx.o(.text)
    CAN1_TX_IRQHandler                       0x0800029f   Thumb Code     0  startup_stm32f429xx.o(.text)
    CAN2_RX0_IRQHandler                      0x0800029f   Thumb Code     0  startup_stm32f429xx.o(.text)
    CAN2_RX1_IRQHandler                      0x0800029f   Thumb Code     0  startup_stm32f429xx.o(.text)
    CAN2_SCE_IRQHandler                      0x0800029f   Thumb Code     0  startup_stm32f429xx.o(.text)
    CAN2_TX_IRQHandler                       0x0800029f   Thumb Code     0  startup_stm32f429xx.o(.text)
    DCMI_IRQHandler                          0x0800029f   Thumb Code     0  startup_stm32f429xx.o(.text)
    DMA1_Stream0_IRQHandler                  0x0800029f   Thumb Code     0  startup_stm32f429xx.o(.text)
    DMA1_Stream1_IRQHandler                  0x0800029f   Thumb Code     0  startup_stm32f429xx.o(.text)
    DMA1_Stream2_IRQHandler                  0x0800029f   Thumb Code     0  startup_stm32f429xx.o(.text)
    DMA1_Stream3_IRQHandler                  0x0800029f   Thumb Code     0  startup_stm32f429xx.o(.text)
    DMA1_Stream4_IRQHandler                  0x0800029f   Thumb Code     0  startup_stm32f429xx.o(.text)
    DMA1_Stream5_IRQHandler                  0x0800029f   Thumb Code     0  startup_stm32f429xx.o(.text)
    DMA1_Stream6_IRQHandler                  0x0800029f   Thumb Code     0  startup_stm32f429xx.o(.text)
    DMA1_Stream7_IRQHandler                  0x0800029f   Thumb Code     0  startup_stm32f429xx.o(.text)
    DMA2D_IRQHandler                         0x0800029f   Thumb Code     0  startup_stm32f429xx.o(.text)
    DMA2_Stream1_IRQHandler                  0x0800029f   Thumb Code     0  startup_stm32f429xx.o(.text)
    DMA2_Stream2_IRQHandler                  0x0800029f   Thumb Code     0  startup_stm32f429xx.o(.text)
    DMA2_Stream3_IRQHandler                  0x0800029f   Thumb Code     0  startup_stm32f429xx.o(.text)
    DMA2_Stream4_IRQHandler                  0x0800029f   Thumb Code     0  startup_stm32f429xx.o(.text)
    DMA2_Stream5_IRQHandler                  0x0800029f   Thumb Code     0  startup_stm32f429xx.o(.text)
    DMA2_Stream6_IRQHandler                  0x0800029f   Thumb Code     0  startup_stm32f429xx.o(.text)
    DMA2_Stream7_IRQHandler                  0x0800029f   Thumb Code     0  startup_stm32f429xx.o(.text)
    ETH_IRQHandler                           0x0800029f   Thumb Code     0  startup_stm32f429xx.o(.text)
    ETH_WKUP_IRQHandler                      0x0800029f   Thumb Code     0  startup_stm32f429xx.o(.text)
    EXTI0_IRQHandler                         0x0800029f   Thumb Code     0  startup_stm32f429xx.o(.text)
    EXTI15_10_IRQHandler                     0x0800029f   Thumb Code     0  startup_stm32f429xx.o(.text)
    EXTI1_IRQHandler                         0x0800029f   Thumb Code     0  startup_stm32f429xx.o(.text)
    EXTI2_IRQHandler                         0x0800029f   Thumb Code     0  startup_stm32f429xx.o(.text)
    EXTI3_IRQHandler                         0x0800029f   Thumb Code     0  startup_stm32f429xx.o(.text)
    EXTI4_IRQHandler                         0x0800029f   Thumb Code     0  startup_stm32f429xx.o(.text)
    EXTI9_5_IRQHandler                       0x0800029f   Thumb Code     0  startup_stm32f429xx.o(.text)
    FLASH_IRQHandler                         0x0800029f   Thumb Code     0  startup_stm32f429xx.o(.text)
    FMC_IRQHandler                           0x0800029f   Thumb Code     0  startup_stm32f429xx.o(.text)
    FPU_IRQHandler                           0x0800029f   Thumb Code     0  startup_stm32f429xx.o(.text)
    HASH_RNG_IRQHandler                      0x0800029f   Thumb Code     0  startup_stm32f429xx.o(.text)
    I2C1_ER_IRQHandler                       0x0800029f   Thumb Code     0  startup_stm32f429xx.o(.text)
    I2C1_EV_IRQHandler                       0x0800029f   Thumb Code     0  startup_stm32f429xx.o(.text)
    I2C2_ER_IRQHandler                       0x0800029f   Thumb Code     0  startup_stm32f429xx.o(.text)
    I2C2_EV_IRQHandler                       0x0800029f   Thumb Code     0  startup_stm32f429xx.o(.text)
    I2C3_ER_IRQHandler                       0x0800029f   Thumb Code     0  startup_stm32f429xx.o(.text)
    I2C3_EV_IRQHandler                       0x0800029f   Thumb Code     0  startup_stm32f429xx.o(.text)
    LTDC_ER_IRQHandler                       0x0800029f   Thumb Code     0  startup_stm32f429xx.o(.text)
    LTDC_IRQHandler                          0x0800029f   Thumb Code     0  startup_stm32f429xx.o(.text)
    OTG_FS_IRQHandler                        0x0800029f   Thumb Code     0  startup_stm32f429xx.o(.text)
    OTG_FS_WKUP_IRQHandler                   0x0800029f   Thumb Code     0  startup_stm32f429xx.o(.text)
    OTG_HS_EP1_IN_IRQHandler                 0x0800029f   Thumb Code     0  startup_stm32f429xx.o(.text)
    OTG_HS_EP1_OUT_IRQHandler                0x0800029f   Thumb Code     0  startup_stm32f429xx.o(.text)
    OTG_HS_IRQHandler                        0x0800029f   Thumb Code     0  startup_stm32f429xx.o(.text)
    OTG_HS_WKUP_IRQHandler                   0x0800029f   Thumb Code     0  startup_stm32f429xx.o(.text)
    PVD_IRQHandler                           0x0800029f   Thumb Code     0  startup_stm32f429xx.o(.text)
    RCC_IRQHandler                           0x0800029f   Thumb Code     0  startup_stm32f429xx.o(.text)
    RTC_Alarm_IRQHandler                     0x0800029f   Thumb Code     0  startup_stm32f429xx.o(.text)
    RTC_WKUP_IRQHandler                      0x0800029f   Thumb Code     0  startup_stm32f429xx.o(.text)
    SAI1_IRQHandler                          0x0800029f   Thumb Code     0  startup_stm32f429xx.o(.text)
    SDIO_IRQHandler                          0x0800029f   Thumb Code     0  startup_stm32f429xx.o(.text)
    SPI1_IRQHandler                          0x0800029f   Thumb Code     0  startup_stm32f429xx.o(.text)
    SPI2_IRQHandler                          0x0800029f   Thumb Code     0  startup_stm32f429xx.o(.text)
    SPI3_IRQHandler                          0x0800029f   Thumb Code     0  startup_stm32f429xx.o(.text)
    SPI4_IRQHandler                          0x0800029f   Thumb Code     0  startup_stm32f429xx.o(.text)
    SPI5_IRQHandler                          0x0800029f   Thumb Code     0  startup_stm32f429xx.o(.text)
    SPI6_IRQHandler                          0x0800029f   Thumb Code     0  startup_stm32f429xx.o(.text)
    TAMP_STAMP_IRQHandler                    0x0800029f   Thumb Code     0  startup_stm32f429xx.o(.text)
    TIM1_BRK_TIM9_IRQHandler                 0x0800029f   Thumb Code     0  startup_stm32f429xx.o(.text)
    TIM1_CC_IRQHandler                       0x0800029f   Thumb Code     0  startup_stm32f429xx.o(.text)
    TIM1_TRG_COM_TIM11_IRQHandler            0x0800029f   Thumb Code     0  startup_stm32f429xx.o(.text)
    TIM1_UP_TIM10_IRQHandler                 0x0800029f   Thumb Code     0  startup_stm32f429xx.o(.text)
    TIM2_IRQHandler                          0x0800029f   Thumb Code     0  startup_stm32f429xx.o(.text)
    TIM3_IRQHandler                          0x0800029f   Thumb Code     0  startup_stm32f429xx.o(.text)
    TIM4_IRQHandler                          0x0800029f   Thumb Code     0  startup_stm32f429xx.o(.text)
    TIM5_IRQHandler                          0x0800029f   Thumb Code     0  startup_stm32f429xx.o(.text)
    TIM6_DAC_IRQHandler                      0x0800029f   Thumb Code     0  startup_stm32f429xx.o(.text)
    TIM7_IRQHandler                          0x0800029f   Thumb Code     0  startup_stm32f429xx.o(.text)
    TIM8_BRK_TIM12_IRQHandler                0x0800029f   Thumb Code     0  startup_stm32f429xx.o(.text)
    TIM8_CC_IRQHandler                       0x0800029f   Thumb Code     0  startup_stm32f429xx.o(.text)
    TIM8_TRG_COM_TIM14_IRQHandler            0x0800029f   Thumb Code     0  startup_stm32f429xx.o(.text)
    TIM8_UP_TIM13_IRQHandler                 0x0800029f   Thumb Code     0  startup_stm32f429xx.o(.text)
    UART4_IRQHandler                         0x0800029f   Thumb Code     0  startup_stm32f429xx.o(.text)
    UART5_IRQHandler                         0x0800029f   Thumb Code     0  startup_stm32f429xx.o(.text)
    UART7_IRQHandler                         0x0800029f   Thumb Code     0  startup_stm32f429xx.o(.text)
    UART8_IRQHandler                         0x0800029f   Thumb Code     0  startup_stm32f429xx.o(.text)
    USART1_IRQHandler                        0x0800029f   Thumb Code     0  startup_stm32f429xx.o(.text)
    USART6_IRQHandler                        0x0800029f   Thumb Code     0  startup_stm32f429xx.o(.text)
    WWDG_IRQHandler                          0x0800029f   Thumb Code     0  startup_stm32f429xx.o(.text)
    arm_cos_f32                              0x080002a9   Thumb Code   108  arm_cos_f32.o(.text)
    arm_cmplx_mag_f32                        0x08000321   Thumb Code   246  arm_cmplx_mag_f32.o(.text)
    arm_cfft_radix8by2_f32                   0x0800041d   Thumb Code   398  arm_cfft_f32.o(.text)
    arm_cfft_radix8by4_f32                   0x080005ab   Thumb Code  1098  arm_cfft_f32.o(.text)
    arm_cfft_f32                             0x080009f5   Thumb Code   330  arm_cfft_f32.o(.text)
    arm_mean_q15                             0x08000b41   Thumb Code   192  arm_mean_q15.o(.text)
    arm_radix8_butterfly_f32                 0x08000c01   Thumb Code  1244  arm_cfft_radix8_f32.o(.text)
    __aeabi_uldivmod                         0x080010dd   Thumb Code    98  uldiv.o(.text)
    __aeabi_memset                           0x0800113f   Thumb Code    14  memseta.o(.text)
    __aeabi_memset4                          0x0800113f   Thumb Code     0  memseta.o(.text)
    __aeabi_memset8                          0x0800113f   Thumb Code     0  memseta.o(.text)
    __aeabi_memclr                           0x0800114d   Thumb Code     4  memseta.o(.text)
    __aeabi_memclr4                          0x0800114d   Thumb Code     0  memseta.o(.text)
    __aeabi_memclr8                          0x0800114d   Thumb Code     0  memseta.o(.text)
    _memset$wrapper                          0x08001151   Thumb Code    18  memseta.o(.text)
    strlen                                   0x08001163   Thumb Code    14  strlen.o(.text)
    __aeabi_dmul                             0x08001171   Thumb Code   228  dmul.o(.text)
    __aeabi_uidiv                            0x08001255   Thumb Code     0  uidiv.o(.text)
    __aeabi_uidivmod                         0x08001255   Thumb Code    44  uidiv.o(.text)
    __aeabi_llsl                             0x08001281   Thumb Code    30  llshl.o(.text)
    _ll_shift_l                              0x08001281   Thumb Code     0  llshl.o(.text)
    __aeabi_llsr                             0x0800129f   Thumb Code    32  llushr.o(.text)
    _ll_ushift_r                             0x0800129f   Thumb Code     0  llushr.o(.text)
    __I$use$fp                               0x080012bf   Thumb Code     0  iusefp.o(.text)
    _double_round                            0x080012bf   Thumb Code    30  depilogue.o(.text)
    _double_epilogue                         0x080012dd   Thumb Code   156  depilogue.o(.text)
    __aeabi_dadd                             0x08001379   Thumb Code   322  dadd.o(.text)
    __aeabi_dsub                             0x080014bb   Thumb Code     6  dadd.o(.text)
    __aeabi_drsub                            0x080014c1   Thumb Code     6  dadd.o(.text)
    __aeabi_ddiv                             0x080014c7   Thumb Code   222  ddiv.o(.text)
    __aeabi_d2ulz                            0x080015a5   Thumb Code    48  dfixul.o(.text)
    __aeabi_cdrcmple                         0x080015d5   Thumb Code    48  cdrcmple.o(.text)
    __scatterload                            0x08001605   Thumb Code    28  init.o(.text)
    __scatterload_rt2                        0x08001605   Thumb Code     0  init.o(.text)
    __aeabi_lasr                             0x08001629   Thumb Code    36  llsshr.o(.text)
    _ll_sshift_r                             0x08001629   Thumb Code     0  llsshr.o(.text)
    ADC_IRQHandler                           0x080016dd   Thumb Code     6  stm32f4xx_it.o(i.ADC_IRQHandler)
    Adc_Fs_Change_F                          0x08001811   Thumb Code    22  adc.o(i.Adc_Fs_Change_F)
    Adc_Start                                0x08001831   Thumb Code    46  adc.o(i.Adc_Start)
    BusFault_Handler                         0x0800186d   Thumb Code     2  stm32f4xx_it.o(i.BusFault_Handler)
    CalculateAmplitude_By_FFT                0x08001871   Thumb Code   132  my_math.o(i.CalculateAmplitude_By_FFT)
    DMA2_Stream0_IRQHandler                  0x08001901   Thumb Code     6  stm32f4xx_it.o(i.DMA2_Stream0_IRQHandler)
    DebugMon_Handler                         0x080019b1   Thumb Code     2  stm32f4xx_it.o(i.DebugMon_Handler)
    Error_Handler                            0x080019b3   Thumb Code     4  main.o(i.Error_Handler)
    HAL_ADCEx_InjectedConvCpltCallback       0x080019b7   Thumb Code     2  stm32f4xx_hal_adc_ex.o(i.HAL_ADCEx_InjectedConvCpltCallback)
    HAL_ADC_ConfigChannel                    0x080019b9   Thumb Code   334  stm32f4xx_hal_adc.o(i.HAL_ADC_ConfigChannel)
    HAL_ADC_ConvCpltCallback                 0x08001b1d   Thumb Code    28  adc.o(i.HAL_ADC_ConvCpltCallback)
    HAL_ADC_ConvHalfCpltCallback             0x08001b45   Thumb Code     2  stm32f4xx_hal_adc.o(i.HAL_ADC_ConvHalfCpltCallback)
    HAL_ADC_ErrorCallback                    0x08001b47   Thumb Code     2  stm32f4xx_hal_adc.o(i.HAL_ADC_ErrorCallback)
    HAL_ADC_IRQHandler                       0x08001b49   Thumb Code   302  stm32f4xx_hal_adc.o(i.HAL_ADC_IRQHandler)
    HAL_ADC_Init                             0x08001c77   Thumb Code    84  stm32f4xx_hal_adc.o(i.HAL_ADC_Init)
    HAL_ADC_LevelOutOfWindowCallback         0x08001ccb   Thumb Code     2  stm32f4xx_hal_adc.o(i.HAL_ADC_LevelOutOfWindowCallback)
    HAL_ADC_MspInit                          0x08001ccd   Thumb Code   146  adc.o(i.HAL_ADC_MspInit)
    HAL_ADC_Start_DMA                        0x08001d75   Thumb Code   302  stm32f4xx_hal_adc.o(i.HAL_ADC_Start_DMA)
    HAL_DMA_Abort                            0x08001ec9   Thumb Code   146  stm32f4xx_hal_dma.o(i.HAL_DMA_Abort)
    HAL_DMA_Abort_IT                         0x08001f5b   Thumb Code    36  stm32f4xx_hal_dma.o(i.HAL_DMA_Abort_IT)
    HAL_DMA_IRQHandler                       0x08001f81   Thumb Code   412  stm32f4xx_hal_dma.o(i.HAL_DMA_IRQHandler)
    HAL_DMA_Init                             0x08002121   Thumb Code   206  stm32f4xx_hal_dma.o(i.HAL_DMA_Init)
    HAL_DMA_Start_IT                         0x080021f5   Thumb Code   110  stm32f4xx_hal_dma.o(i.HAL_DMA_Start_IT)
    HAL_GPIO_Init                            0x08002265   Thumb Code   510  stm32f4xx_hal_gpio.o(i.HAL_GPIO_Init)
    HAL_GPIO_WritePin                        0x08002499   Thumb Code    10  stm32f4xx_hal_gpio.o(i.HAL_GPIO_WritePin)
    HAL_GetTick                              0x080024a5   Thumb Code     6  stm32f4xx_hal.o(i.HAL_GetTick)
    HAL_IncTick                              0x080024b1   Thumb Code    12  stm32f4xx_hal.o(i.HAL_IncTick)
    HAL_Init                                 0x080024c1   Thumb Code    48  stm32f4xx_hal.o(i.HAL_Init)
    HAL_InitTick                             0x080024f5   Thumb Code    54  stm32f4xx_hal.o(i.HAL_InitTick)
    HAL_MspInit                              0x08002535   Thumb Code    42  stm32f4xx_hal_msp.o(i.HAL_MspInit)
    HAL_NVIC_EnableIRQ                       0x08002565   Thumb Code    26  stm32f4xx_hal_cortex.o(i.HAL_NVIC_EnableIRQ)
    HAL_NVIC_SetPriority                     0x08002581   Thumb Code    60  stm32f4xx_hal_cortex.o(i.HAL_NVIC_SetPriority)
    HAL_NVIC_SetPriorityGrouping             0x080025c1   Thumb Code    26  stm32f4xx_hal_cortex.o(i.HAL_NVIC_SetPriorityGrouping)
    HAL_RCC_ClockConfig                      0x080025e5   Thumb Code   288  stm32f4xx_hal_rcc.o(i.HAL_RCC_ClockConfig)
    HAL_RCC_GetPCLK1Freq                     0x08002719   Thumb Code    20  stm32f4xx_hal_rcc.o(i.HAL_RCC_GetPCLK1Freq)
    HAL_RCC_GetPCLK2Freq                     0x08002739   Thumb Code    20  stm32f4xx_hal_rcc.o(i.HAL_RCC_GetPCLK2Freq)
    HAL_RCC_GetSysClockFreq                  0x08002759   Thumb Code    88  stm32f4xx_hal_rcc.o(i.HAL_RCC_GetSysClockFreq)
    HAL_RCC_OscConfig                        0x080027bd   Thumb Code   856  stm32f4xx_hal_rcc.o(i.HAL_RCC_OscConfig)
    HAL_SYSTICK_CLKSourceConfig              0x08002b29   Thumb Code    24  stm32f4xx_hal_cortex.o(i.HAL_SYSTICK_CLKSourceConfig)
    HAL_SYSTICK_Config                       0x08002b41   Thumb Code    40  stm32f4xx_hal_cortex.o(i.HAL_SYSTICK_Config)
    HAL_TIMEx_MasterConfigSynchronization    0x08002b69   Thumb Code   116  stm32f4xx_hal_tim_ex.o(i.HAL_TIMEx_MasterConfigSynchronization)
    HAL_TIM_Base_Init                        0x08002bf9   Thumb Code    90  stm32f4xx_hal_tim.o(i.HAL_TIM_Base_Init)
    HAL_TIM_Base_MspInit                     0x08002c55   Thumb Code    52  tim.o(i.HAL_TIM_Base_MspInit)
    HAL_TIM_ConfigClockSource                0x08002c91   Thumb Code   220  stm32f4xx_hal_tim.o(i.HAL_TIM_ConfigClockSource)
    HAL_TIM_MspPostInit                      0x08002d6d   Thumb Code    68  tim.o(i.HAL_TIM_MspPostInit)
    HAL_TIM_PWM_ConfigChannel                0x08002dbd   Thumb Code   204  stm32f4xx_hal_tim.o(i.HAL_TIM_PWM_ConfigChannel)
    HAL_TIM_PWM_Init                         0x08002e89   Thumb Code    90  stm32f4xx_hal_tim.o(i.HAL_TIM_PWM_Init)
    HAL_TIM_PWM_MspInit                      0x08002ee3   Thumb Code     2  stm32f4xx_hal_tim.o(i.HAL_TIM_PWM_MspInit)
    HAL_TIM_PWM_Start                        0x08002ee5   Thumb Code   172  stm32f4xx_hal_tim.o(i.HAL_TIM_PWM_Start)
    HAL_TIM_PWM_Stop                         0x08002fad   Thumb Code   114  stm32f4xx_hal_tim.o(i.HAL_TIM_PWM_Stop)
    HAL_UARTEx_ReceiveToIdle_IT              0x08003029   Thumb Code    86  stm32f4xx_hal_uart.o(i.HAL_UARTEx_ReceiveToIdle_IT)
    HAL_UARTEx_RxEventCallback               0x08003081   Thumb Code    30  main.o(i.HAL_UARTEx_RxEventCallback)
    HAL_UART_ErrorCallback                   0x080030a9   Thumb Code     2  stm32f4xx_hal_uart.o(i.HAL_UART_ErrorCallback)
    HAL_UART_IRQHandler                      0x080030ad   Thumb Code   610  stm32f4xx_hal_uart.o(i.HAL_UART_IRQHandler)
    HAL_UART_Init                            0x08003315   Thumb Code    98  stm32f4xx_hal_uart.o(i.HAL_UART_Init)
    HAL_UART_MspInit                         0x08003379   Thumb Code   246  usart.o(i.HAL_UART_MspInit)
    HAL_UART_RxCpltCallback                  0x08003489   Thumb Code     2  stm32f4xx_hal_uart.o(i.HAL_UART_RxCpltCallback)
    HAL_UART_Transmit                        0x0800348d   Thumb Code   178  stm32f4xx_hal_uart.o(i.HAL_UART_Transmit)
    HAL_UART_TxCpltCallback                  0x0800353f   Thumb Code     2  stm32f4xx_hal_uart.o(i.HAL_UART_TxCpltCallback)
    HMI_RX_proc                              0x08003541   Thumb Code   130  uart_hmi.o(i.HMI_RX_proc)
    HMI_printf                               0x08003601   Thumb Code    60  uart_hmi.o(i.HMI_printf)
    HardFault_Handler                        0x08003645   Thumb Code     2  stm32f4xx_it.o(i.HardFault_Handler)
    MX_ADC1_Init                             0x08003649   Thumb Code    90  adc.o(i.MX_ADC1_Init)
    MX_DMA_Init                              0x080036ad   Thumb Code    40  dma.o(i.MX_DMA_Init)
    MX_GPIO_Init                             0x080036d9   Thumb Code   162  gpio.o(i.MX_GPIO_Init)
    MX_TIM2_Init                             0x08003791   Thumb Code   138  tim.o(i.MX_TIM2_Init)
    MX_TIM3_Init                             0x08003821   Thumb Code   144  tim.o(i.MX_TIM3_Init)
    MX_USART1_UART_Init                      0x080038b9   Thumb Code    48  usart.o(i.MX_USART1_UART_Init)
    MX_USART2_UART_Init                      0x080038f1   Thumb Code    48  usart.o(i.MX_USART2_UART_Init)
    MX_USART3_UART_Init                      0x08003929   Thumb Code    48  usart.o(i.MX_USART3_UART_Init)
    Max_Float_WithinRange                    0x08003961   Thumb Code    46  my_math.o(i.Max_Float_WithinRange)
    Max_Unsigned                             0x08003991   Thumb Code    50  my_math.o(i.Max_Unsigned)
    MemManage_Handler                        0x080039c3   Thumb Code     2  stm32f4xx_it.o(i.MemManage_Handler)
    NMI_Handler                              0x080039c5   Thumb Code     2  stm32f4xx_it.o(i.NMI_Handler)
    PendSV_Handler                           0x080039c7   Thumb Code     2  stm32f4xx_it.o(i.PendSV_Handler)
    SVC_Handler                              0x080039c9   Thumb Code     2  stm32f4xx_it.o(i.SVC_Handler)
    SysTick_Handler                          0x080039cb   Thumb Code     4  stm32f4xx_it.o(i.SysTick_Handler)
    SystemClock_Config                       0x080039d1   Thumb Code   142  main.o(i.SystemClock_Config)
    SystemInit                               0x08003a69   Thumb Code    12  system_stm32f4xx.o(i.SystemInit)
    TIM_Base_SetConfig                       0x08003a79   Thumb Code   156  stm32f4xx_hal_tim.o(i.TIM_Base_SetConfig)
    TIM_CCxChannelCmd                        0x08003b41   Thumb Code    26  stm32f4xx_hal_tim.o(i.TIM_CCxChannelCmd)
    TIM_ETR_SetConfig                        0x08003b5b   Thumb Code    20  stm32f4xx_hal_tim.o(i.TIM_ETR_SetConfig)
    TIM_OC2_SetConfig                        0x08003be1   Thumb Code    98  stm32f4xx_hal_tim.o(i.TIM_OC2_SetConfig)
    UART_Start_Receive_IT                    0x08003f75   Thumb Code    58  stm32f4xx_hal_uart.o(i.UART_Start_Receive_IT)
    USART2_IRQHandler                        0x08004029   Thumb Code     6  stm32f4xx_it.o(i.USART2_IRQHandler)
    USART3_IRQHandler                        0x08004035   Thumb Code     6  stm32f4xx_it.o(i.USART3_IRQHandler)
    UsageFault_Handler                       0x08004041   Thumb Code     2  stm32f4xx_it.o(i.UsageFault_Handler)
    Window_Function_Add                      0x08004045   Thumb Code    42  windowfunction.o(i.Window_Function_Add)
    Window_Function_Init                     0x08004075   Thumb Code   370  windowfunction.o(i.Window_Function_Init)
    __0printf                                0x08004205   Thumb Code    22  printfa.o(i.__0printf)
    __1printf                                0x08004205   Thumb Code     0  printfa.o(i.__0printf)
    __2printf                                0x08004205   Thumb Code     0  printfa.o(i.__0printf)
    __c89printf                              0x08004205   Thumb Code     0  printfa.o(i.__0printf)
    printf                                   0x08004205   Thumb Code     0  printfa.o(i.__0printf)
    __0vsprintf                              0x08004225   Thumb Code    30  printfa.o(i.__0vsprintf)
    __1vsprintf                              0x08004225   Thumb Code     0  printfa.o(i.__0vsprintf)
    __2vsprintf                              0x08004225   Thumb Code     0  printfa.o(i.__0vsprintf)
    __c89vsprintf                            0x08004225   Thumb Code     0  printfa.o(i.__0vsprintf)
    vsprintf                                 0x08004225   Thumb Code     0  printfa.o(i.__0vsprintf)
    __scatterload_copy                       0x08004269   Thumb Code    14  handlers.o(i.__scatterload_copy)
    __scatterload_null                       0x08004277   Thumb Code     2  handlers.o(i.__scatterload_null)
    __scatterload_zeroinit                   0x08004279   Thumb Code    14  handlers.o(i.__scatterload_zeroinit)
    delay_init                               0x08004b41   Thumb Code    16  delay.o(i.delay_init)
    fputc                                    0x08004c51   Thumb Code    20  usart.o(i.fputc)
    main                                     0x08004c69   Thumb Code  1384  main.o(i.main)
    AHBPrescTable                            0x080051f8   Data          16  system_stm32f4xx.o(.constdata)
    APBPrescTable                            0x08005208   Data           8  system_stm32f4xx.o(.constdata)
    arm_cfft_sR_f32_len4096                  0x08005210   Data          16  arm_const_structs.o(.constdata)
    twiddleCoef_4096                         0x08005220   Data       32768  arm_common_tables.o(.constdata)
    armBitRevIndexTable4096                  0x0800d220   Data        8064  arm_common_tables.o(.constdata)
    sinTable_f32                             0x0800f1a0   Data        2052  arm_common_tables.o(.constdata)
    Region$$Table$$Base                      0x0800f9a4   Number         0  anon$$obj.o(Region$$Table)
    Region$$Table$$Limit                     0x0800f9c4   Number         0  anon$$obj.o(Region$$Table)
    mode                                     0x20000000   Data           1  main.o(.data)
    danfeng                                  0x20000001   Data           1  main.o(.data)
    count_ASK                                0x20000002   Data           1  main.o(.data)
    count_PSK                                0x20000003   Data           1  main.o(.data)
    count_FSK                                0x20000004   Data           1  main.o(.data)
    pwm_flag                                 0x20000005   Data           1  main.o(.data)
    count                                    0x20000006   Data           1  main.o(.data)
    max_value_index                          0x20000008   Data           4  main.o(.data)
    max_value                                0x2000000c   Data           4  main.o(.data)
    sub_1_value                              0x20000010   Data           4  main.o(.data)
    sub_2_value                              0x20000014   Data           4  main.o(.data)
    sub_3_value                              0x20000018   Data           4  main.o(.data)
    sub_4_value                              0x2000001c   Data           4  main.o(.data)
    sub_5_value                              0x20000020   Data           4  main.o(.data)
    feng_value_index                         0x20000024   Data           4  main.o(.data)
    sub_1_index                              0x20000028   Data           4  main.o(.data)
    sub_2_index                              0x2000002c   Data           4  main.o(.data)
    sub_3_index                              0x20000030   Data           4  main.o(.data)
    sub_4_index                              0x20000034   Data           4  main.o(.data)
    sub_5_index                              0x20000038   Data           4  main.o(.data)
    OverSamplingFlag                         0x2000003c   Data           1  adc.o(.data)
    DMA_Transmit_Completed_Flag              0x2000003d   Data           1  adc.o(.data)
    uwTickFreq                               0x20000040   Data           1  stm32f4xx_hal.o(.data)
    uwTickPrio                               0x20000044   Data           4  stm32f4xx_hal.o(.data)
    uwTick                                   0x20000048   Data           4  stm32f4xx_hal.o(.data)
    SystemCoreClock                          0x2000004c   Data           4  system_stm32f4xx.o(.data)
    start_flag                               0x20000054   Data           1  uart_hmi.o(.data)
    pwm_freq                                 0x20000055   Data           1  uart_hmi.o(.data)
    __stdout                                 0x20000058   Data           4  stdout.o(.data)
    mode_zu                                  0x2000005c   Data         100  main.o(.bss)
    feng_value_zu                            0x200000c0   Data        1600  main.o(.bss)
    feng_value                               0x20000700   Data        1600  main.o(.bss)
    Amplitude_Data                           0x20000d40   Data       16384  main.o(.bss)
    Signal_ADC_Data                          0x20005000   Data        2048  adc.o(.bss)
    hadc1                                    0x20005800   Data          72  adc.o(.bss)
    hdma_adc1                                0x20005848   Data          96  adc.o(.bss)
    htim2                                    0x200058a8   Data          72  tim.o(.bss)
    htim3                                    0x200058f0   Data          72  tim.o(.bss)
    huart1                                   0x20005938   Data          68  usart.o(.bss)
    huart2                                   0x2000597c   Data          68  usart.o(.bss)
    huart3                                   0x200059c0   Data          68  usart.o(.bss)
    HMI_RX                                   0x2000ea08   Data         260  uart_hmi.o(.bss)
    USART2_TxBuff                            0x2000eb10   Data        1024  uart_hmi.o(.bss)
    __initial_sp                             0x2000f310   Data           0  startup_stm32f429xx.o(STACK)



==============================================================================

Memory Map of the image

  Image Entry point : 0x0800026d

  Load Region LR_IROM1 (Base: 0x08000000, Size: 0x0000fa20, Max: 0x00100000, ABSOLUTE)

    Execution Region ER_IROM1 (Exec base: 0x08000000, Load base: 0x08000000, Size: 0x0000f9c4, Max: 0x00100000, ABSOLUTE)

    Exec Addr    Load Addr    Size         Type   Attr      Idx    E Section Name        Object

    0x08000000   0x08000000   0x000001ac   Data   RO            3    RESET               startup_stm32f429xx.o
    0x080001ac   0x080001ac   0x000000c0   Code   RO         3999    . text              arm_cortexM4lf_math.lib(arm_bitreversal2.o)
    0x0800026c   0x0800026c   0x00000000   Code   RO         4097  * .ARM.Collect$$$$00000000  mc_w.l(entry.o)
    0x0800026c   0x0800026c   0x00000004   Code   RO         4387    .ARM.Collect$$$$00000001  mc_w.l(entry2.o)
    0x08000270   0x08000270   0x00000004   Code   RO         4390    .ARM.Collect$$$$00000004  mc_w.l(entry5.o)
    0x08000274   0x08000274   0x00000000   Code   RO         4392    .ARM.Collect$$$$00000008  mc_w.l(entry7b.o)
    0x08000274   0x08000274   0x00000000   Code   RO         4394    .ARM.Collect$$$$0000000A  mc_w.l(entry8b.o)
    0x08000274   0x08000274   0x00000008   Code   RO         4395    .ARM.Collect$$$$0000000B  mc_w.l(entry9a.o)
    0x0800027c   0x0800027c   0x00000004   Code   RO         4402    .ARM.Collect$$$$0000000E  mc_w.l(entry12b.o)
    0x08000280   0x08000280   0x00000000   Code   RO         4397    .ARM.Collect$$$$0000000F  mc_w.l(entry10a.o)
    0x08000280   0x08000280   0x00000000   Code   RO         4399    .ARM.Collect$$$$00000011  mc_w.l(entry11a.o)
    0x08000280   0x08000280   0x00000004   Code   RO         4388    .ARM.Collect$$$$00002712  mc_w.l(entry2.o)
    0x08000284   0x08000284   0x00000024   Code   RO            4    .text               startup_stm32f429xx.o
    0x080002a8   0x080002a8   0x00000078   Code   RO         3797    .text               arm_cortexM4lf_math.lib(arm_cos_f32.o)
    0x08000320   0x08000320   0x000000fc   Code   RO         3853    .text               arm_cortexM4lf_math.lib(arm_cmplx_mag_f32.o)
    0x0800041c   0x0800041c   0x00000722   Code   RO         3880    .text               arm_cortexM4lf_math.lib(arm_cfft_f32.o)
    0x08000b3e   0x08000b3e   0x00000002   PAD
    0x08000b40   0x08000b40   0x000000c0   Code   RO         3904    .text               arm_cortexM4lf_math.lib(arm_mean_q15.o)
    0x08000c00   0x08000c00   0x000004dc   Code   RO         3978    .text               arm_cortexM4lf_math.lib(arm_cfft_radix8_f32.o)
    0x080010dc   0x080010dc   0x00000062   Code   RO         4100    .text               mc_w.l(uldiv.o)
    0x0800113e   0x0800113e   0x00000024   Code   RO         4102    .text               mc_w.l(memseta.o)
    0x08001162   0x08001162   0x0000000e   Code   RO         4104    .text               mc_w.l(strlen.o)
    0x08001170   0x08001170   0x000000e4   Code   RO         4367    .text               mf_w.l(dmul.o)
    0x08001254   0x08001254   0x0000002c   Code   RO         4404    .text               mc_w.l(uidiv.o)
    0x08001280   0x08001280   0x0000001e   Code   RO         4406    .text               mc_w.l(llshl.o)
    0x0800129e   0x0800129e   0x00000020   Code   RO         4408    .text               mc_w.l(llushr.o)
    0x080012be   0x080012be   0x00000000   Code   RO         4417    .text               mc_w.l(iusefp.o)
    0x080012be   0x080012be   0x000000ba   Code   RO         4418    .text               mf_w.l(depilogue.o)
    0x08001378   0x08001378   0x0000014e   Code   RO         4420    .text               mf_w.l(dadd.o)
    0x080014c6   0x080014c6   0x000000de   Code   RO         4422    .text               mf_w.l(ddiv.o)
    0x080015a4   0x080015a4   0x00000030   Code   RO         4424    .text               mf_w.l(dfixul.o)
    0x080015d4   0x080015d4   0x00000030   Code   RO         4426    .text               mf_w.l(cdrcmple.o)
    0x08001604   0x08001604   0x00000024   Code   RO         4428    .text               mc_w.l(init.o)
    0x08001628   0x08001628   0x00000024   Code   RO         4430    .text               mc_w.l(llsshr.o)
    0x0800164c   0x0800164c   0x0000006e   Code   RO          596    i.ADC_DMAConvCplt   stm32f4xx_hal_adc.o
    0x080016ba   0x080016ba   0x00000016   Code   RO          597    i.ADC_DMAError      stm32f4xx_hal_adc.o
    0x080016d0   0x080016d0   0x0000000a   Code   RO          598    i.ADC_DMAHalfConvCplt  stm32f4xx_hal_adc.o
    0x080016da   0x080016da   0x00000002   PAD
    0x080016dc   0x080016dc   0x0000000c   Code   RO          472    i.ADC_IRQHandler    stm32f4xx_it.o
    0x080016e8   0x080016e8   0x00000128   Code   RO          599    i.ADC_Init          stm32f4xx_hal_adc.o
    0x08001810   0x08001810   0x00000020   Code   RO          263    i.Adc_Fs_Change_F   adc.o
    0x08001830   0x08001830   0x0000003c   Code   RO          264    i.Adc_Start         adc.o
    0x0800186c   0x0800186c   0x00000002   Code   RO          473    i.BusFault_Handler  stm32f4xx_it.o
    0x0800186e   0x0800186e   0x00000002   PAD
    0x08001870   0x08001870   0x00000090   Code   RO         3649    i.CalculateAmplitude_By_FFT  my_math.o
    0x08001900   0x08001900   0x0000000c   Code   RO          474    i.DMA2_Stream0_IRQHandler  stm32f4xx_it.o
    0x0800190c   0x0800190c   0x00000028   Code   RO         1385    i.DMA_CalcBaseAndBitshift  stm32f4xx_hal_dma.o
    0x08001934   0x08001934   0x00000054   Code   RO         1386    i.DMA_CheckFifoParam  stm32f4xx_hal_dma.o
    0x08001988   0x08001988   0x00000028   Code   RO         1387    i.DMA_SetConfig     stm32f4xx_hal_dma.o
    0x080019b0   0x080019b0   0x00000002   Code   RO          475    i.DebugMon_Handler  stm32f4xx_it.o
    0x080019b2   0x080019b2   0x00000004   Code   RO           13    i.Error_Handler     main.o
    0x080019b6   0x080019b6   0x00000002   Code   RO          770    i.HAL_ADCEx_InjectedConvCpltCallback  stm32f4xx_hal_adc_ex.o
    0x080019b8   0x080019b8   0x00000164   Code   RO          601    i.HAL_ADC_ConfigChannel  stm32f4xx_hal_adc.o
    0x08001b1c   0x08001b1c   0x00000028   Code   RO          265    i.HAL_ADC_ConvCpltCallback  adc.o
    0x08001b44   0x08001b44   0x00000002   Code   RO          603    i.HAL_ADC_ConvHalfCpltCallback  stm32f4xx_hal_adc.o
    0x08001b46   0x08001b46   0x00000002   Code   RO          605    i.HAL_ADC_ErrorCallback  stm32f4xx_hal_adc.o
    0x08001b48   0x08001b48   0x0000012e   Code   RO          609    i.HAL_ADC_IRQHandler  stm32f4xx_hal_adc.o
    0x08001c76   0x08001c76   0x00000054   Code   RO          610    i.HAL_ADC_Init      stm32f4xx_hal_adc.o
    0x08001cca   0x08001cca   0x00000002   Code   RO          611    i.HAL_ADC_LevelOutOfWindowCallback  stm32f4xx_hal_adc.o
    0x08001ccc   0x08001ccc   0x000000a8   Code   RO          267    i.HAL_ADC_MspInit   adc.o
    0x08001d74   0x08001d74   0x00000154   Code   RO          617    i.HAL_ADC_Start_DMA  stm32f4xx_hal_adc.o
    0x08001ec8   0x08001ec8   0x00000092   Code   RO         1388    i.HAL_DMA_Abort     stm32f4xx_hal_dma.o
    0x08001f5a   0x08001f5a   0x00000024   Code   RO         1389    i.HAL_DMA_Abort_IT  stm32f4xx_hal_dma.o
    0x08001f7e   0x08001f7e   0x00000002   PAD
    0x08001f80   0x08001f80   0x000001a0   Code   RO         1393    i.HAL_DMA_IRQHandler  stm32f4xx_hal_dma.o
    0x08002120   0x08002120   0x000000d4   Code   RO         1394    i.HAL_DMA_Init      stm32f4xx_hal_dma.o
    0x080021f4   0x080021f4   0x0000006e   Code   RO         1398    i.HAL_DMA_Start_IT  stm32f4xx_hal_dma.o
    0x08002262   0x08002262   0x00000002   PAD
    0x08002264   0x08002264   0x00000234   Code   RO         1281    i.HAL_GPIO_Init     stm32f4xx_hal_gpio.o
    0x08002498   0x08002498   0x0000000a   Code   RO         1285    i.HAL_GPIO_WritePin  stm32f4xx_hal_gpio.o
    0x080024a2   0x080024a2   0x00000002   PAD
    0x080024a4   0x080024a4   0x0000000c   Code   RO         1833    i.HAL_GetTick       stm32f4xx_hal.o
    0x080024b0   0x080024b0   0x00000010   Code   RO         1839    i.HAL_IncTick       stm32f4xx_hal.o
    0x080024c0   0x080024c0   0x00000034   Code   RO         1840    i.HAL_Init          stm32f4xx_hal.o
    0x080024f4   0x080024f4   0x00000040   Code   RO         1841    i.HAL_InitTick      stm32f4xx_hal.o
    0x08002534   0x08002534   0x00000030   Code   RO          572    i.HAL_MspInit       stm32f4xx_hal_msp.o
    0x08002564   0x08002564   0x0000001a   Code   RO         1688    i.HAL_NVIC_EnableIRQ  stm32f4xx_hal_cortex.o
    0x0800257e   0x0800257e   0x00000002   PAD
    0x08002580   0x08002580   0x00000040   Code   RO         1694    i.HAL_NVIC_SetPriority  stm32f4xx_hal_cortex.o
    0x080025c0   0x080025c0   0x00000024   Code   RO         1695    i.HAL_NVIC_SetPriorityGrouping  stm32f4xx_hal_cortex.o
    0x080025e4   0x080025e4   0x00000134   Code   RO          875    i.HAL_RCC_ClockConfig  stm32f4xx_hal_rcc.o
    0x08002718   0x08002718   0x00000020   Code   RO          882    i.HAL_RCC_GetPCLK1Freq  stm32f4xx_hal_rcc.o
    0x08002738   0x08002738   0x00000020   Code   RO          883    i.HAL_RCC_GetPCLK2Freq  stm32f4xx_hal_rcc.o
    0x08002758   0x08002758   0x00000064   Code   RO          884    i.HAL_RCC_GetSysClockFreq  stm32f4xx_hal_rcc.o
    0x080027bc   0x080027bc   0x0000036c   Code   RO          887    i.HAL_RCC_OscConfig  stm32f4xx_hal_rcc.o
    0x08002b28   0x08002b28   0x00000018   Code   RO         1697    i.HAL_SYSTICK_CLKSourceConfig  stm32f4xx_hal_cortex.o
    0x08002b40   0x08002b40   0x00000028   Code   RO         1699    i.HAL_SYSTICK_Config  stm32f4xx_hal_cortex.o
    0x08002b68   0x08002b68   0x00000090   Code   RO         2813    i.HAL_TIMEx_MasterConfigSynchronization  stm32f4xx_hal_tim_ex.o
    0x08002bf8   0x08002bf8   0x0000005a   Code   RO         2090    i.HAL_TIM_Base_Init  stm32f4xx_hal_tim.o
    0x08002c52   0x08002c52   0x00000002   PAD
    0x08002c54   0x08002c54   0x0000003c   Code   RO          359    i.HAL_TIM_Base_MspInit  tim.o
    0x08002c90   0x08002c90   0x000000dc   Code   RO         2099    i.HAL_TIM_ConfigClockSource  stm32f4xx_hal_tim.o
    0x08002d6c   0x08002d6c   0x00000050   Code   RO          360    i.HAL_TIM_MspPostInit  tim.o
    0x08002dbc   0x08002dbc   0x000000cc   Code   RO         2162    i.HAL_TIM_PWM_ConfigChannel  stm32f4xx_hal_tim.o
    0x08002e88   0x08002e88   0x0000005a   Code   RO         2165    i.HAL_TIM_PWM_Init  stm32f4xx_hal_tim.o
    0x08002ee2   0x08002ee2   0x00000002   Code   RO         2167    i.HAL_TIM_PWM_MspInit  stm32f4xx_hal_tim.o
    0x08002ee4   0x08002ee4   0x000000c8   Code   RO         2170    i.HAL_TIM_PWM_Start  stm32f4xx_hal_tim.o
    0x08002fac   0x08002fac   0x0000007c   Code   RO         2173    i.HAL_TIM_PWM_Stop  stm32f4xx_hal_tim.o
    0x08003028   0x08003028   0x00000056   Code   RO         3071    i.HAL_UARTEx_ReceiveToIdle_IT  stm32f4xx_hal_uart.o
    0x0800307e   0x0800307e   0x00000002   PAD
    0x08003080   0x08003080   0x00000028   Code   RO           14    i.HAL_UARTEx_RxEventCallback  main.o
    0x080030a8   0x080030a8   0x00000002   Code   RO         3086    i.HAL_UART_ErrorCallback  stm32f4xx_hal_uart.o
    0x080030aa   0x080030aa   0x00000002   PAD
    0x080030ac   0x080030ac   0x00000268   Code   RO         3089    i.HAL_UART_IRQHandler  stm32f4xx_hal_uart.o
    0x08003314   0x08003314   0x00000062   Code   RO         3090    i.HAL_UART_Init     stm32f4xx_hal_uart.o
    0x08003376   0x08003376   0x00000002   PAD
    0x08003378   0x08003378   0x00000110   Code   RO          413    i.HAL_UART_MspInit  usart.o
    0x08003488   0x08003488   0x00000002   Code   RO         3096    i.HAL_UART_RxCpltCallback  stm32f4xx_hal_uart.o
    0x0800348a   0x0800348a   0x00000002   PAD
    0x0800348c   0x0800348c   0x000000b2   Code   RO         3098    i.HAL_UART_Transmit  stm32f4xx_hal_uart.o
    0x0800353e   0x0800353e   0x00000002   Code   RO         3101    i.HAL_UART_TxCpltCallback  stm32f4xx_hal_uart.o
    0x08003540   0x08003540   0x000000c0   Code   RO         3752    i.HMI_RX_proc       uart_hmi.o
    0x08003600   0x08003600   0x00000044   Code   RO         3753    i.HMI_printf        uart_hmi.o
    0x08003644   0x08003644   0x00000002   Code   RO          476    i.HardFault_Handler  stm32f4xx_it.o
    0x08003646   0x08003646   0x00000002   PAD
    0x08003648   0x08003648   0x00000064   Code   RO          268    i.MX_ADC1_Init      adc.o
    0x080036ac   0x080036ac   0x0000002c   Code   RO          334    i.MX_DMA_Init       dma.o
    0x080036d8   0x080036d8   0x000000b8   Code   RO          237    i.MX_GPIO_Init      gpio.o
    0x08003790   0x08003790   0x00000090   Code   RO          361    i.MX_TIM2_Init      tim.o
    0x08003820   0x08003820   0x00000098   Code   RO          362    i.MX_TIM3_Init      tim.o
    0x080038b8   0x080038b8   0x00000038   Code   RO          414    i.MX_USART1_UART_Init  usart.o
    0x080038f0   0x080038f0   0x00000038   Code   RO          415    i.MX_USART2_UART_Init  usart.o
    0x08003928   0x08003928   0x00000038   Code   RO          416    i.MX_USART3_UART_Init  usart.o
    0x08003960   0x08003960   0x0000002e   Code   RO         3650    i.Max_Float_WithinRange  my_math.o
    0x0800398e   0x0800398e   0x00000002   PAD
    0x08003990   0x08003990   0x00000032   Code   RO         3651    i.Max_Unsigned      my_math.o
    0x080039c2   0x080039c2   0x00000002   Code   RO          477    i.MemManage_Handler  stm32f4xx_it.o
    0x080039c4   0x080039c4   0x00000002   Code   RO          478    i.NMI_Handler       stm32f4xx_it.o
    0x080039c6   0x080039c6   0x00000002   Code   RO          479    i.PendSV_Handler    stm32f4xx_it.o
    0x080039c8   0x080039c8   0x00000002   Code   RO          480    i.SVC_Handler       stm32f4xx_it.o
    0x080039ca   0x080039ca   0x00000004   Code   RO          481    i.SysTick_Handler   stm32f4xx_it.o
    0x080039ce   0x080039ce   0x00000002   PAD
    0x080039d0   0x080039d0   0x00000098   Code   RO           15    i.SystemClock_Config  main.o
    0x08003a68   0x08003a68   0x00000010   Code   RO         3419    i.SystemInit        system_stm32f4xx.o
    0x08003a78   0x08003a78   0x000000c8   Code   RO         2183    i.TIM_Base_SetConfig  stm32f4xx_hal_tim.o
    0x08003b40   0x08003b40   0x0000001a   Code   RO         2184    i.TIM_CCxChannelCmd  stm32f4xx_hal_tim.o
    0x08003b5a   0x08003b5a   0x00000014   Code   RO         2194    i.TIM_ETR_SetConfig  stm32f4xx_hal_tim.o
    0x08003b6e   0x08003b6e   0x00000010   Code   RO         2195    i.TIM_ITRx_SetConfig  stm32f4xx_hal_tim.o
    0x08003b7e   0x08003b7e   0x00000002   PAD
    0x08003b80   0x08003b80   0x00000060   Code   RO         2196    i.TIM_OC1_SetConfig  stm32f4xx_hal_tim.o
    0x08003be0   0x08003be0   0x0000006c   Code   RO         2197    i.TIM_OC2_SetConfig  stm32f4xx_hal_tim.o
    0x08003c4c   0x08003c4c   0x00000068   Code   RO         2198    i.TIM_OC3_SetConfig  stm32f4xx_hal_tim.o
    0x08003cb4   0x08003cb4   0x00000050   Code   RO         2199    i.TIM_OC4_SetConfig  stm32f4xx_hal_tim.o
    0x08003d04   0x08003d04   0x00000022   Code   RO         2201    i.TIM_TI1_ConfigInputStage  stm32f4xx_hal_tim.o
    0x08003d26   0x08003d26   0x00000024   Code   RO         2203    i.TIM_TI2_ConfigInputStage  stm32f4xx_hal_tim.o
    0x08003d4a   0x08003d4a   0x00000010   Code   RO         3103    i.UART_DMAAbortOnError  stm32f4xx_hal_uart.o
    0x08003d5a   0x08003d5a   0x0000004e   Code   RO         3113    i.UART_EndRxTransfer  stm32f4xx_hal_uart.o
    0x08003da8   0x08003da8   0x000000c0   Code   RO         3115    i.UART_Receive_IT   stm32f4xx_hal_uart.o
    0x08003e68   0x08003e68   0x0000010c   Code   RO         3116    i.UART_SetConfig    stm32f4xx_hal_uart.o
    0x08003f74   0x08003f74   0x0000003a   Code   RO         3118    i.UART_Start_Receive_IT  stm32f4xx_hal_uart.o
    0x08003fae   0x08003fae   0x00000078   Code   RO         3119    i.UART_WaitOnFlagUntilTimeout  stm32f4xx_hal_uart.o
    0x08004026   0x08004026   0x00000002   PAD
    0x08004028   0x08004028   0x0000000c   Code   RO          482    i.USART2_IRQHandler  stm32f4xx_it.o
    0x08004034   0x08004034   0x0000000c   Code   RO          483    i.USART3_IRQHandler  stm32f4xx_it.o
    0x08004040   0x08004040   0x00000002   Code   RO          484    i.UsageFault_Handler  stm32f4xx_it.o
    0x08004042   0x08004042   0x00000002   PAD
    0x08004044   0x08004044   0x00000030   Code   RO         3710    i.Window_Function_Add  windowfunction.o
    0x08004074   0x08004074   0x00000190   Code   RO         3711    i.Window_Function_Init  windowfunction.o
    0x08004204   0x08004204   0x00000020   Code   RO         4339    i.__0printf         mc_w.l(printfa.o)
    0x08004224   0x08004224   0x00000024   Code   RO         4345    i.__0vsprintf       mc_w.l(printfa.o)
    0x08004248   0x08004248   0x00000020   Code   RO         1701    i.__NVIC_SetPriority  stm32f4xx_hal_cortex.o
    0x08004268   0x08004268   0x0000000e   Code   RO         4434    i.__scatterload_copy  mc_w.l(handlers.o)
    0x08004276   0x08004276   0x00000002   Code   RO         4435    i.__scatterload_null  mc_w.l(handlers.o)
    0x08004278   0x08004278   0x0000000e   Code   RO         4436    i.__scatterload_zeroinit  mc_w.l(handlers.o)
    0x08004286   0x08004286   0x00000002   PAD
    0x08004288   0x08004288   0x00000184   Code   RO         4346    i._fp_digits        mc_w.l(printfa.o)
    0x0800440c   0x0800440c   0x000006b4   Code   RO         4347    i._printf_core      mc_w.l(printfa.o)
    0x08004ac0   0x08004ac0   0x00000024   Code   RO         4348    i._printf_post_padding  mc_w.l(printfa.o)
    0x08004ae4   0x08004ae4   0x0000002e   Code   RO         4349    i._printf_pre_padding  mc_w.l(printfa.o)
    0x08004b12   0x08004b12   0x0000000a   Code   RO         4351    i._sputc            mc_w.l(printfa.o)
    0x08004b1c   0x08004b1c   0x00000024   Code   RO         3712    i.boxcar            windowfunction.o
    0x08004b40   0x08004b40   0x00000014   Code   RO         3456    i.delay_init        delay.o
    0x08004b54   0x08004b54   0x000000fc   Code   RO         3713    i.flattop           windowfunction.o
    0x08004c50   0x08004c50   0x00000018   Code   RO          417    i.fputc             usart.o
    0x08004c68   0x08004c68   0x00000588   Code   RO           16    i.main              main.o
    0x080051f0   0x080051f0   0x00000008   Data   RO         1400    .constdata          stm32f4xx_hal_dma.o
    0x080051f8   0x080051f8   0x00000010   Data   RO         3420    .constdata          system_stm32f4xx.o
    0x08005208   0x08005208   0x00000008   Data   RO         3421    .constdata          system_stm32f4xx.o
    0x08005210   0x08005210   0x00000010   Data   RO         3936    .constdata          arm_cortexM4lf_math.lib(arm_const_structs.o)
    0x08005220   0x08005220   0x00008000   Data   RO         4015    .constdata          arm_cortexM4lf_math.lib(arm_common_tables.o)
    0x0800d220   0x0800d220   0x00001f80   Data   RO         4044    .constdata          arm_cortexM4lf_math.lib(arm_common_tables.o)
    0x0800f1a0   0x0800f1a0   0x00000804   Data   RO         4062    .constdata          arm_cortexM4lf_math.lib(arm_common_tables.o)
    0x0800f9a4   0x0800f9a4   0x00000020   Data   RO         4432    Region$$Table       anon$$obj.o


    Execution Region RW_IRAM2 (Exec base: 0x10000000, Load base: 0x0800fa20, Size: 0x00000000, Max: 0x00010000, ABSOLUTE)

    **** No section assigned to this execution region ****


    Execution Region RW_IRAM1 (Exec base: 0x20000000, Load base: 0x0800f9c4, Size: 0x0000f310, Max: 0x00030000, ABSOLUTE)

    Exec Addr    Load Addr    Size         Type   Attr      Idx    E Section Name        Object

    0x20000000   0x0800f9c4   0x0000003c   Data   RW           21    .data               main.o
    0x2000003c   0x0800fa00   0x00000002   Data   RW          270    .data               adc.o
    0x2000003e   0x0800fa02   0x00000002   PAD
    0x20000040   0x0800fa04   0x0000000c   Data   RW         1847    .data               stm32f4xx_hal.o
    0x2000004c   0x0800fa10   0x00000004   Data   RW         3422    .data               system_stm32f4xx.o
    0x20000050   0x0800fa14   0x00000004   Data   RW         3459    .data               delay.o
    0x20000054   0x0800fa18   0x00000002   Data   RW         3755    .data               uart_hmi.o
    0x20000056   0x0800fa1a   0x00000002   PAD
    0x20000058   0x0800fa1c   0x00000004   Data   RW         4403    .data               mc_w.l(stdout.o)
    0x2000005c        -       0x00004ce4   Zero   RW           20    .bss                main.o
    0x20004d40   0x0800fa20   0x000002c0   PAD
    0x20005000        -       0x000008a8   Zero   RW          269    .bss                adc.o
    0x200058a8        -       0x00000090   Zero   RW          363    .bss                tim.o
    0x20005938        -       0x000000cc   Zero   RW          418    .bss                usart.o
    0x20005a04        -       0x00008000   Zero   RW         3654    .bss                my_math.o
    0x2000da04        -       0x00001000   Zero   RW         3714    .bss                windowfunction.o
    0x2000ea04   0x0800fa20   0x00000004   PAD
    0x2000ea08        -       0x00000508   Zero   RW         3754    .bss                uart_hmi.o
    0x2000ef10        -       0x00000400   Zero   RW            1    STACK               startup_stm32f429xx.o


==============================================================================

Image component sizes


      Code (inc. data)   RO Data    RW Data    ZI Data      Debug   Object Name

       400         68          0          2       2216       3573   adc.o
        20          4          0          4          0        697   delay.o
        44          4          0          0          0        786   dma.o
       184         22          0          0          0        995   gpio.o
      1612        144          0         60      19684     783398   main.o
       240         12          0          0      32768      16215   my_math.o
        36          8        428          0       1024        840   startup_stm32f429xx.o
       144         24          0         12          0       8957   stm32f4xx_hal.o
      1526         72          0          0          0       8510   stm32f4xx_hal_adc.o
         2          0          0          0          0        993   stm32f4xx_hal_adc_ex.o
       222         14          0          0          0      34621   stm32f4xx_hal_cortex.o
      1084         16          8          0          0       7402   stm32f4xx_hal_dma.o
       574         54          0          0          0       2228   stm32f4xx_hal_gpio.o
        48          6          0          0          0        866   stm32f4xx_hal_msp.o
      1348         76          0          0          0       5276   stm32f4xx_hal_rcc.o
      1650        118          0          0          0      13899   stm32f4xx_hal_tim.o
       144         28          0          0          0       1356   stm32f4xx_hal_tim_ex.o
      1716         16          0          0          0      11653   stm32f4xx_hal_uart.o
        68         24          0          0          0       6125   stm32f4xx_it.o
        16          4         24          4          0       1147   system_stm32f4xx.o
       436         34          0          0        144       3165   tim.o
       260         70          0          2       1288       2549   uart_hmi.o
       464         54          0          0        204       3712   usart.o
       736         92          0          0       4096       3813   windowfunction.o

    ----------------------------------------------------------------------
     13008        964        492         88      62132     922776   Object Totals
         0          0         32          0          0          0   (incl. Generated)
        34          0          0          4        708          0   (incl. Padding)

    ----------------------------------------------------------------------

      Code (inc. data)   RO Data    RW Data    ZI Data      Debug   Library Member Name

       192          0          0          0          0        528   arm_bitreversal2.o
      1826          0          0          0          0       3953   arm_cfft_f32.o
      1244          4          0          0          0       3087   arm_cfft_radix8_f32.o
       252          6          0          0          0      14464   arm_cmplx_mag_f32.o
         0          0      42884          0          0       4636   arm_common_tables.o
         0          0         16          0          0       2191   arm_const_structs.o
       120         12          0          0          0      17018   arm_cos_f32.o
       192          0          0          0          0       1155   arm_mean_q15.o
         0          0          0          0          0          0   entry.o
         0          0          0          0          0          0   entry10a.o
         0          0          0          0          0          0   entry11a.o
         4          0          0          0          0          0   entry12b.o
         8          4          0          0          0          0   entry2.o
         4          0          0          0          0          0   entry5.o
         0          0          0          0          0          0   entry7b.o
         0          0          0          0          0          0   entry8b.o
         8          4          0          0          0          0   entry9a.o
        30          0          0          0          0          0   handlers.o
        36          8          0          0          0         68   init.o
         0          0          0          0          0          0   iusefp.o
        30          0          0          0          0         68   llshl.o
        36          0          0          0          0         68   llsshr.o
        32          0          0          0          0         68   llushr.o
        36          0          0          0          0        108   memseta.o
      2264         96          0          0          0        612   printfa.o
         0          0          0          4          0          0   stdout.o
        14          0          0          0          0         68   strlen.o
        44          0          0          0          0         80   uidiv.o
        98          0          0          0          0         92   uldiv.o
        48          0          0          0          0         68   cdrcmple.o
       334          0          0          0          0        148   dadd.o
       222          0          0          0          0        100   ddiv.o
       186          0          0          0          0        176   depilogue.o
        48          0          0          0          0         68   dfixul.o
       228          0          0          0          0         96   dmul.o

    ----------------------------------------------------------------------
      7540        134      42900          4          0      48920   Library Totals
         4          0          0          0          0          0   (incl. Padding)

    ----------------------------------------------------------------------

      Code (inc. data)   RO Data    RW Data    ZI Data      Debug   Library Name

      3826         22      42900          0          0      47032   arm_cortexM4lf_math.lib
      2644        112          0          4          0       1232   mc_w.l
      1066          0          0          0          0        656   mf_w.l

    ----------------------------------------------------------------------
      7540        134      42900          4          0      48920   Library Totals

    ----------------------------------------------------------------------

==============================================================================


      Code (inc. data)   RO Data    RW Data    ZI Data      Debug   

     20548       1098      43392         92      62132     960164   Grand Totals
     20548       1098      43392         92      62132     960164   ELF Image Totals
     20548       1098      43392         92          0          0   ROM Totals

==============================================================================

    Total RO  Size (Code + RO Data)                63940 (  62.44kB)
    Total RW  Size (RW Data + ZI Data)             62224 (  60.77kB)
    Total ROM Size (Code + RO Data + RW Data)      64032 (  62.53kB)

==============================================================================

